<html>
<body>
<pre>
<h1>µVision Build Log</h1>
<h2>Tool Versions:</h2>
IDE-Version: ¦ÌVision V5.31.0.0
Copyright (C) 2020 ARM Ltd and ARM Germany GmbH. All rights reserved.
License Information: AAA menyuhan2000@outlook.com, AAA, LIC=ZB4EI-TN695-MM29I-TGF1M-53IT3-9IMM3
 
Tool Versions:
Toolchain:       MDK-ARM Plus  Version: 5.31.0.0
Toolchain Path:  C:\KEIL\KEIL-CODE\ARM\ARMCLANG\Bin
C Compiler:      ArmClang.exe V6.14
Assembler:       Armasm.exe V6.14
Linker/Locator:  ArmLink.exe V6.14
Library Manager: ArmAr.exe V6.14
Hex Converter:   FromElf.exe V6.14
CPU DLL:         SARMCM3.DLL V5.31.0.0
Dialog DLL:      DCM.DLL V1.17.3.0
Target DLL:      STLink\ST-LINKIII-KEIL_SWO.dll V3.0.7.0
Dialog DLL:      TCM.DLL V1.46.0.0
 
<h2>Project:</h2>
C:\0Practice\Hardware\STM32\F103\ZhengDianYuanZi-JinYing\T2 OLED IIC Hard\MDK-ARM\T2 OLED IIC Hard.uvprojx
Project File Date:  08/29/2020

<h2>Output:</h2>
*** Using Compiler 'V6.14', folder: 'C:\KEIL\KEIL-CODE\ARM\ARMCLANG\Bin'
Rebuild target 'T2 OLED IIC Hard'
compiling i2c.c...
../Core/Src/main.c(94): warning: passing 'char [10]' to parameter of type 'uint8_t *' (aka 'unsigned char *') converts between pointers to integer types with different sign [-Wpointer-sign]
  OLED_ShowString(0, 0, "Men Yuhan", 16);
                        ^~~~~~~~~~~
../Core/Inc\oled.h(32): note: passing argument to parameter 'chr' here
void OLED_ShowString(uint8_t x, uint8_t y, uint8_t* chr, uint8_t Char_Size);
                                                    ^
../Core/Src/main.c(102): warning: implicit declaration of function 'OLED_ShowCHinese32' is invalid in C99 [-Wimplicit-function-declaration]
  OLED_ShowCHinese32(96, 4, 0);
  ^
2 warnings generated.
compiling main.c...
compiling stm32f1xx_hal_msp.c...
compiling stm32f1xx_hal_gpio_ex.c...
compiling gpio.c...
compiling stm32f1xx_it.c...
compiling stm32f1xx_hal.c...
compiling oled.c...
assembling startup_stm32f103xe.s...
compiling stm32f1xx_hal_rcc.c...
compiling stm32f1xx_hal_rcc_ex.c...
compiling stm32f1xx_hal_i2c.c...
compiling stm32f1xx_hal_gpio.c...
compiling stm32f1xx_hal_flash_ex.c...
compiling stm32f1xx_hal_pwr.c...
compiling stm32f1xx_hal_tim.c...
compiling stm32f1xx_hal_tim_ex.c...
compiling system_stm32f1xx.c...
compiling stm32f1xx_hal_exti.c...
compiling stm32f1xx_hal_cortex.c...
compiling stm32f1xx_hal_flash.c...
compiling stm32f1xx_hal_dma.c...
linking...
Program Size: Code=2766 RO-data=2350 RW-data=8 ZI-data=1112  
FromELF: creating hex file...
"T2 OLED IIC Hard\T2 OLED IIC Hard.axf" - 0 Error(s), 2 Warning(s).

<h2>Software Packages used:</h2>

Package Vendor: ARM
                http://www.keil.com/pack/ARM.CMSIS.5.7.0.pack
                ARM.CMSIS.5.7.0
                CMSIS (Cortex Microcontroller Software Interface Standard)
   * Component: CORE Version: 5.4.0

Package Vendor: Keil
                http://www.keil.com/pack/Keil.STM32F1xx_DFP.2.3.0.pack
                Keil.STM32F1xx_DFP.2.3.0
                STMicroelectronics STM32F1 Series Device Support, Drivers and Examples

<h2>Collection of Component include folders:</h2>
  .\RTE\_T2_OLED_IIC_Hard
  C:\KEIL\KEIL-PACK\ARM\CMSIS\5.7.0\CMSIS\Core\Include
  C:\KEIL\KEIL-PACK\Keil\STM32F1xx_DFP\2.3.0\Device\Include

<h2>Collection of Component Files used:</h2>

   * Component: ARM::CMSIS:CORE:5.4.0
Build Time Elapsed:  00:00:02
</pre>
</body>
</html>
