Component: ARM Compiler 6.14 Tool: armlink [5db06800]

==============================================================================

Section Cross References

    startup_stm32f103xe.o(RESET) refers to startup_stm32f103xe.o(STACK) for __initial_sp
    startup_stm32f103xe.o(RESET) refers to startup_stm32f103xe.o(.text) for Reset_Handler
    startup_stm32f103xe.o(RESET) refers to lto-llvm-203918.o(.text.NMI_Handler) for NMI_Handler
    startup_stm32f103xe.o(RESET) refers to lto-llvm-203918.o(.text.HardFault_Handler) for HardFault_Handler
    startup_stm32f103xe.o(RESET) refers to lto-llvm-203918.o(.text.MemManage_Handler) for MemManage_Handler
    startup_stm32f103xe.o(RESET) refers to lto-llvm-203918.o(.text.BusFault_Handler) for BusFault_Handler
    startup_stm32f103xe.o(RESET) refers to lto-llvm-203918.o(.text.UsageFault_Handler) for UsageFault_Handler
    startup_stm32f103xe.o(RESET) refers to lto-llvm-203918.o(.text.SVC_Handler) for SVC_Handler
    startup_stm32f103xe.o(RESET) refers to lto-llvm-203918.o(.text.DebugMon_Handler) for DebugMon_Handler
    startup_stm32f103xe.o(RESET) refers to lto-llvm-203918.o(.text.PendSV_Handler) for PendSV_Handler
    startup_stm32f103xe.o(RESET) refers to lto-llvm-203918.o(.text.SysTick_Handler) for SysTick_Handler
    startup_stm32f103xe.o(.text) refers to lto-llvm-203918.o(.text.SystemInit) for SystemInit
    startup_stm32f103xe.o(.text) refers to entry.o(.ARM.Collect$$$$00000000) for __main
    entry.o(.ARM.Collect$$$$00000000) refers (Special) to entry10a.o(.ARM.Collect$$$$0000000D) for __rt_final_cpp
    entry.o(.ARM.Collect$$$$00000000) refers (Special) to entry11a.o(.ARM.Collect$$$$0000000F) for __rt_final_exit
    entry.o(.ARM.Collect$$$$00000000) refers (Special) to entry7b.o(.ARM.Collect$$$$00000008) for _main_clock
    entry.o(.ARM.Collect$$$$00000000) refers (Special) to entry8b.o(.ARM.Collect$$$$0000000A) for _main_cpp_init
    entry.o(.ARM.Collect$$$$00000000) refers (Special) to entry9a.o(.ARM.Collect$$$$0000000B) for _main_init
    entry.o(.ARM.Collect$$$$00000000) refers (Special) to entry5.o(.ARM.Collect$$$$00000004) for _main_scatterload
    entry.o(.ARM.Collect$$$$00000000) refers (Special) to entry2.o(.ARM.Collect$$$$00000001) for _main_stk
    entry2.o(.ARM.Collect$$$$00000001) refers to entry2.o(.ARM.Collect$$$$00002712) for __lit__00000000
    entry2.o(.ARM.Collect$$$$00002712) refers to startup_stm32f103xe.o(STACK) for __initial_sp
    entry2.o(__vectab_stack_and_reset_area) refers to startup_stm32f103xe.o(STACK) for __initial_sp
    entry2.o(__vectab_stack_and_reset_area) refers to entry.o(.ARM.Collect$$$$00000000) for __main
    entry5.o(.ARM.Collect$$$$00000004) refers to init.o(.text) for __scatterload
    entry9a.o(.ARM.Collect$$$$0000000B) refers to lto-llvm-203918.o(.text.main) for main
    entry9b.o(.ARM.Collect$$$$0000000C) refers to lto-llvm-203918.o(.text.main) for main
    init.o(.text) refers to entry5.o(.ARM.Collect$$$$00000004) for __main_after_scatterload
    lto-llvm-203918.o(.text.main) refers to lto-llvm-203918.o(.text.HAL_InitTick) for HAL_InitTick
    lto-llvm-203918.o(.text.main) refers to lto-llvm-203918.o(.text.HAL_I2C_Mem_Write) for HAL_I2C_Mem_Write
    lto-llvm-203918.o(.text.main) refers to lto-llvm-203918.o(.text.OLED_WR_DATA) for OLED_WR_DATA
    lto-llvm-203918.o(.text.main) refers to lto-llvm-203918.o(.text.OLED_ShowChar) for OLED_ShowChar
    lto-llvm-203918.o(.text.main) refers to lto-llvm-203918.o(.text.OLED_ShowCHinese32) for OLED_ShowCHinese32
    lto-llvm-203918.o(.text.main) refers to lto-llvm-203918.o(.bss..L_MergedGlobals.57) for [Anonymous Symbol]
    lto-llvm-203918.o(.text.main) refers to lto-llvm-203918.o(.data..L_MergedGlobals) for [Anonymous Symbol]
    lto-llvm-203918.o(.text.main) refers to lto-llvm-203918.o(.rodata.CMD_Data) for [Anonymous Symbol]
    lto-llvm-203918.o(.text.main) refers to lto-llvm-203918.o(.text.OLED_ShowCHinese) for OLED_ShowCHinese
    lto-llvm-203918.o(.text.main) refers to lto-llvm-203918.o(.text.OLED_WR_CMD) for OLED_WR_CMD
    lto-llvm-203918.o(.ARM.exidx.text.main) refers to lto-llvm-203918.o(.text.main) for [Anonymous Symbol]
    lto-llvm-203918.o(.ARM.exidx.text.NMI_Handler) refers to lto-llvm-203918.o(.text.NMI_Handler) for [Anonymous Symbol]
    lto-llvm-203918.o(.ARM.exidx.text.HardFault_Handler) refers to lto-llvm-203918.o(.text.HardFault_Handler) for [Anonymous Symbol]
    lto-llvm-203918.o(.ARM.exidx.text.MemManage_Handler) refers to lto-llvm-203918.o(.text.MemManage_Handler) for [Anonymous Symbol]
    lto-llvm-203918.o(.ARM.exidx.text.BusFault_Handler) refers to lto-llvm-203918.o(.text.BusFault_Handler) for [Anonymous Symbol]
    lto-llvm-203918.o(.ARM.exidx.text.UsageFault_Handler) refers to lto-llvm-203918.o(.text.UsageFault_Handler) for [Anonymous Symbol]
    lto-llvm-203918.o(.ARM.exidx.text.SVC_Handler) refers to lto-llvm-203918.o(.text.SVC_Handler) for [Anonymous Symbol]
    lto-llvm-203918.o(.ARM.exidx.text.DebugMon_Handler) refers to lto-llvm-203918.o(.text.DebugMon_Handler) for [Anonymous Symbol]
    lto-llvm-203918.o(.ARM.exidx.text.PendSV_Handler) refers to lto-llvm-203918.o(.text.PendSV_Handler) for [Anonymous Symbol]
    lto-llvm-203918.o(.text.SysTick_Handler) refers to lto-llvm-203918.o(.bss..L_MergedGlobals.57) for [Anonymous Symbol]
    lto-llvm-203918.o(.ARM.exidx.text.SysTick_Handler) refers to lto-llvm-203918.o(.text.SysTick_Handler) for [Anonymous Symbol]
    lto-llvm-203918.o(.text.OLED_WR_CMD) refers to lto-llvm-203918.o(.text.HAL_I2C_Mem_Write) for HAL_I2C_Mem_Write
    lto-llvm-203918.o(.ARM.exidx.text.OLED_WR_CMD) refers to lto-llvm-203918.o(.text.OLED_WR_CMD) for [Anonymous Symbol]
    lto-llvm-203918.o(.text.OLED_WR_DATA) refers to lto-llvm-203918.o(.text.HAL_I2C_Mem_Write) for HAL_I2C_Mem_Write
    lto-llvm-203918.o(.ARM.exidx.text.OLED_WR_DATA) refers to lto-llvm-203918.o(.text.OLED_WR_DATA) for [Anonymous Symbol]
    lto-llvm-203918.o(.text.OLED_Set_Pos) refers to lto-llvm-203918.o(.text.OLED_WR_CMD) for OLED_WR_CMD
    lto-llvm-203918.o(.ARM.exidx.text.OLED_Set_Pos) refers to lto-llvm-203918.o(.text.OLED_Set_Pos) for [Anonymous Symbol]
    lto-llvm-203918.o(.text.OLED_ShowChar) refers to lto-llvm-203918.o(.text.OLED_Set_Pos) for OLED_Set_Pos
    lto-llvm-203918.o(.text.OLED_ShowChar) refers to lto-llvm-203918.o(.text.OLED_WR_DATA) for OLED_WR_DATA
    lto-llvm-203918.o(.text.OLED_ShowChar) refers to lto-llvm-203918.o(.rodata.F8X16) for [Anonymous Symbol]
    lto-llvm-203918.o(.ARM.exidx.text.OLED_ShowChar) refers to lto-llvm-203918.o(.text.OLED_ShowChar) for [Anonymous Symbol]
    lto-llvm-203918.o(.text.OLED_ShowCHinese) refers to lto-llvm-203918.o(.text.OLED_Set_Pos) for OLED_Set_Pos
    lto-llvm-203918.o(.text.OLED_ShowCHinese) refers to lto-llvm-203918.o(.text.OLED_WR_DATA) for OLED_WR_DATA
    lto-llvm-203918.o(.text.OLED_ShowCHinese) refers to lto-llvm-203918.o(.rodata.Hzk) for [Anonymous Symbol]
    lto-llvm-203918.o(.ARM.exidx.text.OLED_ShowCHinese) refers to lto-llvm-203918.o(.text.OLED_ShowCHinese) for [Anonymous Symbol]
    lto-llvm-203918.o(.text.OLED_ShowCHinese32) refers to lto-llvm-203918.o(.text.OLED_Set_Pos) for OLED_Set_Pos
    lto-llvm-203918.o(.text.OLED_ShowCHinese32) refers to lto-llvm-203918.o(.text.OLED_WR_DATA) for OLED_WR_DATA
    lto-llvm-203918.o(.text.OLED_ShowCHinese32) refers to lto-llvm-203918.o(.rodata.Hzk32) for [Anonymous Symbol]
    lto-llvm-203918.o(.ARM.exidx.text.OLED_ShowCHinese32) refers to lto-llvm-203918.o(.text.OLED_ShowCHinese32) for [Anonymous Symbol]
    lto-llvm-203918.o(.text.I2C_WaitOnFlagUntilTimeout) refers to lto-llvm-203918.o(.bss..L_MergedGlobals.57) for [Anonymous Symbol]
    lto-llvm-203918.o(.ARM.exidx.text.I2C_WaitOnFlagUntilTimeout) refers to lto-llvm-203918.o(.text.I2C_WaitOnFlagUntilTimeout) for [Anonymous Symbol]
    lto-llvm-203918.o(.text.I2C_WaitOnTXEFlagUntilTimeout) refers to lto-llvm-203918.o(.text.I2C_IsAcknowledgeFailed) for I2C_IsAcknowledgeFailed
    lto-llvm-203918.o(.text.I2C_WaitOnTXEFlagUntilTimeout) refers to lto-llvm-203918.o(.bss..L_MergedGlobals.57) for [Anonymous Symbol]
    lto-llvm-203918.o(.ARM.exidx.text.I2C_WaitOnTXEFlagUntilTimeout) refers to lto-llvm-203918.o(.text.I2C_WaitOnTXEFlagUntilTimeout) for [Anonymous Symbol]
    lto-llvm-203918.o(.text.I2C_IsAcknowledgeFailed) refers to lto-llvm-203918.o(.bss..L_MergedGlobals.57) for [Anonymous Symbol]
    lto-llvm-203918.o(.ARM.exidx.text.I2C_IsAcknowledgeFailed) refers to lto-llvm-203918.o(.text.I2C_IsAcknowledgeFailed) for [Anonymous Symbol]
    lto-llvm-203918.o(.text.HAL_I2C_Mem_Write) refers to lto-llvm-203918.o(.text.I2C_WaitOnFlagUntilTimeout) for I2C_WaitOnFlagUntilTimeout
    lto-llvm-203918.o(.text.HAL_I2C_Mem_Write) refers to lto-llvm-203918.o(.text.I2C_WaitOnTXEFlagUntilTimeout) for I2C_WaitOnTXEFlagUntilTimeout
    lto-llvm-203918.o(.text.HAL_I2C_Mem_Write) refers to lto-llvm-203918.o(.text.I2C_IsAcknowledgeFailed) for I2C_IsAcknowledgeFailed
    lto-llvm-203918.o(.text.HAL_I2C_Mem_Write) refers to lto-llvm-203918.o(.bss..L_MergedGlobals.57) for [Anonymous Symbol]
    lto-llvm-203918.o(.ARM.exidx.text.HAL_I2C_Mem_Write) refers to lto-llvm-203918.o(.text.HAL_I2C_Mem_Write) for [Anonymous Symbol]
    lto-llvm-203918.o(.text.HAL_InitTick) refers to lto-llvm-203918.o(.data..L_MergedGlobals) for [Anonymous Symbol]
    lto-llvm-203918.o(.ARM.exidx.text.HAL_InitTick) refers to lto-llvm-203918.o(.text.HAL_InitTick) for [Anonymous Symbol]
    lto-llvm-203918.o(.ARM.exidx.text.SystemInit) refers to lto-llvm-203918.o(.text.SystemInit) for [Anonymous Symbol]


==============================================================================

Removing Unused input sections from the image.

    Removing startup_stm32f103xe.o(HEAP), (512 bytes).
    Removing lto-llvm-203918.o(.text), (0 bytes).
    Removing lto-llvm-203918.o(.ARM.exidx.text.main), (8 bytes).
    Removing lto-llvm-203918.o(.ARM.exidx.text.NMI_Handler), (8 bytes).
    Removing lto-llvm-203918.o(.ARM.exidx.text.HardFault_Handler), (8 bytes).
    Removing lto-llvm-203918.o(.ARM.exidx.text.MemManage_Handler), (8 bytes).
    Removing lto-llvm-203918.o(.ARM.exidx.text.BusFault_Handler), (8 bytes).
    Removing lto-llvm-203918.o(.ARM.exidx.text.UsageFault_Handler), (8 bytes).
    Removing lto-llvm-203918.o(.ARM.exidx.text.SVC_Handler), (8 bytes).
    Removing lto-llvm-203918.o(.ARM.exidx.text.DebugMon_Handler), (8 bytes).
    Removing lto-llvm-203918.o(.ARM.exidx.text.PendSV_Handler), (8 bytes).
    Removing lto-llvm-203918.o(.ARM.exidx.text.SysTick_Handler), (8 bytes).
    Removing lto-llvm-203918.o(.ARM.exidx.text.OLED_WR_CMD), (8 bytes).
    Removing lto-llvm-203918.o(.ARM.exidx.text.OLED_WR_DATA), (8 bytes).
    Removing lto-llvm-203918.o(.ARM.exidx.text.OLED_Set_Pos), (8 bytes).
    Removing lto-llvm-203918.o(.ARM.exidx.text.OLED_ShowChar), (8 bytes).
    Removing lto-llvm-203918.o(.ARM.exidx.text.OLED_ShowCHinese), (8 bytes).
    Removing lto-llvm-203918.o(.ARM.exidx.text.OLED_ShowCHinese32), (8 bytes).
    Removing lto-llvm-203918.o(.ARM.exidx.text.I2C_WaitOnFlagUntilTimeout), (8 bytes).
    Removing lto-llvm-203918.o(.ARM.exidx.text.I2C_WaitOnTXEFlagUntilTimeout), (8 bytes).
    Removing lto-llvm-203918.o(.ARM.exidx.text.I2C_IsAcknowledgeFailed), (8 bytes).
    Removing lto-llvm-203918.o(.ARM.exidx.text.HAL_I2C_Mem_Write), (8 bytes).
    Removing lto-llvm-203918.o(.ARM.exidx.text.HAL_InitTick), (8 bytes).
    Removing lto-llvm-203918.o(.ARM.exidx.text.SystemInit), (8 bytes).
    Removing lto-llvm-203918.o(.ARM.use_no_argv), (4 bytes).

25 unused section(s) (total 692 bytes) removed from the image.

==============================================================================

Image Symbol Table

    Local Symbols

    Symbol Name                              Value     Ov Type        Size  Object(Section)

    ../clib/microlib/init/entry.s            0x00000000   Number         0  entry.o ABSOLUTE
    ../clib/microlib/init/entry.s            0x00000000   Number         0  entry2.o ABSOLUTE
    ../clib/microlib/init/entry.s            0x00000000   Number         0  entry5.o ABSOLUTE
    ../clib/microlib/init/entry.s            0x00000000   Number         0  entry7a.o ABSOLUTE
    ../clib/microlib/init/entry.s            0x00000000   Number         0  entry7b.o ABSOLUTE
    ../clib/microlib/init/entry.s            0x00000000   Number         0  entry8a.o ABSOLUTE
    ../clib/microlib/init/entry.s            0x00000000   Number         0  entry8b.o ABSOLUTE
    ../clib/microlib/init/entry.s            0x00000000   Number         0  entry9a.o ABSOLUTE
    ../clib/microlib/init/entry.s            0x00000000   Number         0  entry9b.o ABSOLUTE
    ../clib/microlib/init/entry.s            0x00000000   Number         0  entry10a.o ABSOLUTE
    ../clib/microlib/init/entry.s            0x00000000   Number         0  entry10b.o ABSOLUTE
    ../clib/microlib/init/entry.s            0x00000000   Number         0  entry11a.o ABSOLUTE
    ../clib/microlib/init/entry.s            0x00000000   Number         0  entry11b.o ABSOLUTE
    dc.s                                     0x00000000   Number         0  dc.o ABSOLUTE
    handlers.s                               0x00000000   Number         0  handlers.o ABSOLUTE
    init.s                                   0x00000000   Number         0  init.o ABSOLUTE
    ld-temp.o                                0x00000000   Number         0  lto-llvm-203918.o ABSOLUTE
    startup_stm32f103xe.s                    0x00000000   Number         0  startup_stm32f103xe.o ABSOLUTE
    RESET                                    0x08000000   Section      304  startup_stm32f103xe.o(RESET)
    .ARM.Collect$$$$00000000                 0x08000130   Section        0  entry.o(.ARM.Collect$$$$00000000)
    .ARM.Collect$$$$00000001                 0x08000130   Section        4  entry2.o(.ARM.Collect$$$$00000001)
    .ARM.Collect$$$$00000004                 0x08000134   Section        4  entry5.o(.ARM.Collect$$$$00000004)
    .ARM.Collect$$$$00000008                 0x08000138   Section        0  entry7b.o(.ARM.Collect$$$$00000008)
    .ARM.Collect$$$$0000000A                 0x08000138   Section        0  entry8b.o(.ARM.Collect$$$$0000000A)
    .ARM.Collect$$$$0000000B                 0x08000138   Section        8  entry9a.o(.ARM.Collect$$$$0000000B)
    __lit__00000000                          0x08000140   Data           4  entry2.o(.ARM.Collect$$$$00002712)
    .ARM.Collect$$$$0000000D                 0x08000140   Section        0  entry10a.o(.ARM.Collect$$$$0000000D)
    .ARM.Collect$$$$0000000F                 0x08000140   Section        0  entry11a.o(.ARM.Collect$$$$0000000F)
    .ARM.Collect$$$$00002712                 0x08000140   Section        4  entry2.o(.ARM.Collect$$$$00002712)
    .text                                    0x08000144   Section       36  startup_stm32f103xe.o(.text)
    .text                                    0x08000168   Section       36  init.o(.text)
    [Anonymous Symbol]                       0x0800018c   Section        0  lto-llvm-203918.o(.text.BusFault_Handler)
    [Anonymous Symbol]                       0x0800018e   Section        0  lto-llvm-203918.o(.text.DebugMon_Handler)
    HAL_I2C_Mem_Write                        0x08000191   Thumb Code   444  lto-llvm-203918.o(.text.HAL_I2C_Mem_Write)
    [Anonymous Symbol]                       0x08000190   Section        0  lto-llvm-203918.o(.text.HAL_I2C_Mem_Write)
    __arm_cp.19_1                            0x08000344   Number         4  lto-llvm-203918.o(.text.HAL_I2C_Mem_Write)
    __arm_cp.19_2                            0x08000348   Number         4  lto-llvm-203918.o(.text.HAL_I2C_Mem_Write)
    HAL_InitTick                             0x0800034d   Thumb Code   104  lto-llvm-203918.o(.text.HAL_InitTick)
    [Anonymous Symbol]                       0x0800034c   Section        0  lto-llvm-203918.o(.text.HAL_InitTick)
    __arm_cp.20_0                            0x080003a8   Number         4  lto-llvm-203918.o(.text.HAL_InitTick)
    __arm_cp.20_1                            0x080003ac   Number         4  lto-llvm-203918.o(.text.HAL_InitTick)
    __arm_cp.20_2                            0x080003b0   Number         4  lto-llvm-203918.o(.text.HAL_InitTick)
    [Anonymous Symbol]                       0x080003b4   Section        0  lto-llvm-203918.o(.text.HardFault_Handler)
    I2C_IsAcknowledgeFailed                  0x080003b9   Thumb Code    48  lto-llvm-203918.o(.text.I2C_IsAcknowledgeFailed)
    [Anonymous Symbol]                       0x080003b8   Section        0  lto-llvm-203918.o(.text.I2C_IsAcknowledgeFailed)
    I2C_WaitOnFlagUntilTimeout               0x080003e9   Thumb Code    80  lto-llvm-203918.o(.text.I2C_WaitOnFlagUntilTimeout)
    [Anonymous Symbol]                       0x080003e8   Section        0  lto-llvm-203918.o(.text.I2C_WaitOnFlagUntilTimeout)
    I2C_WaitOnTXEFlagUntilTimeout            0x08000439   Thumb Code    68  lto-llvm-203918.o(.text.I2C_WaitOnTXEFlagUntilTimeout)
    [Anonymous Symbol]                       0x08000438   Section        0  lto-llvm-203918.o(.text.I2C_WaitOnTXEFlagUntilTimeout)
    __arm_cp.17_0                            0x08000478   Number         4  lto-llvm-203918.o(.text.I2C_WaitOnTXEFlagUntilTimeout)
    [Anonymous Symbol]                       0x0800047c   Section        0  lto-llvm-203918.o(.text.MemManage_Handler)
    [Anonymous Symbol]                       0x0800047e   Section        0  lto-llvm-203918.o(.text.NMI_Handler)
    OLED_Set_Pos                             0x08000481   Thumb Code    36  lto-llvm-203918.o(.text.OLED_Set_Pos)
    [Anonymous Symbol]                       0x08000480   Section        0  lto-llvm-203918.o(.text.OLED_Set_Pos)
    __arm_cp.12_0                            0x080004a0   Number         4  lto-llvm-203918.o(.text.OLED_Set_Pos)
    OLED_ShowCHinese                         0x080004a5   Thumb Code    88  lto-llvm-203918.o(.text.OLED_ShowCHinese)
    [Anonymous Symbol]                       0x080004a4   Section        0  lto-llvm-203918.o(.text.OLED_ShowCHinese)
    __arm_cp.14_0                            0x080004f8   Number         4  lto-llvm-203918.o(.text.OLED_ShowCHinese)
    OLED_ShowCHinese32                       0x080004fd   Thumb Code   160  lto-llvm-203918.o(.text.OLED_ShowCHinese32)
    [Anonymous Symbol]                       0x080004fc   Section        0  lto-llvm-203918.o(.text.OLED_ShowCHinese32)
    __arm_cp.15_0                            0x08000598   Number         4  lto-llvm-203918.o(.text.OLED_ShowCHinese32)
    OLED_ShowChar                            0x0800059d   Thumb Code    92  lto-llvm-203918.o(.text.OLED_ShowChar)
    [Anonymous Symbol]                       0x0800059c   Section        0  lto-llvm-203918.o(.text.OLED_ShowChar)
    __arm_cp.13_0                            0x080005f4   Number         4  lto-llvm-203918.o(.text.OLED_ShowChar)
    OLED_WR_CMD                              0x080005f9   Thumb Code    20  lto-llvm-203918.o(.text.OLED_WR_CMD)
    [Anonymous Symbol]                       0x080005f8   Section        0  lto-llvm-203918.o(.text.OLED_WR_CMD)
    OLED_WR_DATA                             0x0800060d   Thumb Code    20  lto-llvm-203918.o(.text.OLED_WR_DATA)
    [Anonymous Symbol]                       0x0800060c   Section        0  lto-llvm-203918.o(.text.OLED_WR_DATA)
    [Anonymous Symbol]                       0x08000620   Section        0  lto-llvm-203918.o(.text.PendSV_Handler)
    [Anonymous Symbol]                       0x08000622   Section        0  lto-llvm-203918.o(.text.SVC_Handler)
    [Anonymous Symbol]                       0x08000624   Section        0  lto-llvm-203918.o(.text.SysTick_Handler)
    __arm_cp.9_0                             0x08000630   Number         4  lto-llvm-203918.o(.text.SysTick_Handler)
    [Anonymous Symbol]                       0x08000634   Section        0  lto-llvm-203918.o(.text.SystemInit)
    __arm_cp.21_0                            0x08000670   Number         4  lto-llvm-203918.o(.text.SystemInit)
    __arm_cp.21_1                            0x08000674   Number         4  lto-llvm-203918.o(.text.SystemInit)
    __arm_cp.21_2                            0x08000678   Number         4  lto-llvm-203918.o(.text.SystemInit)
    __arm_cp.21_3                            0x0800067c   Number         4  lto-llvm-203918.o(.text.SystemInit)
    [Anonymous Symbol]                       0x08000680   Section        0  lto-llvm-203918.o(.text.UsageFault_Handler)
    [Anonymous Symbol]                       0x08000684   Section        0  lto-llvm-203918.o(.text.main)
    __arm_cp.0_23                            0x080009f4   Number         4  lto-llvm-203918.o(.text.main)
    __arm_cp.0_24                            0x080009f8   Number         4  lto-llvm-203918.o(.text.main)
    __arm_cp.0_25                            0x080009fc   Number         4  lto-llvm-203918.o(.text.main)
    __arm_cp.0_26                            0x08000a00   Number         4  lto-llvm-203918.o(.text.main)
    __arm_cp.0_27                            0x08000a04   Number         4  lto-llvm-203918.o(.text.main)
    __arm_cp.0_28                            0x08000a08   Number         4  lto-llvm-203918.o(.text.main)
    __arm_cp.0_29                            0x08000a0c   Number         4  lto-llvm-203918.o(.text.main)
    __arm_cp.0_5                             0x08000b7c   Number         4  lto-llvm-203918.o(.text.main)
    __arm_cp.0_8                             0x08000b80   Number         4  lto-llvm-203918.o(.text.main)
    AHBPrescTable                            0x08000b98   Number         0  lto-llvm-203918.o(.text.main)
    __arm_cp.0_12                            0x08000ba8   Number         4  lto-llvm-203918.o(.text.main)
    __arm_cp.0_13                            0x08000bac   Number         4  lto-llvm-203918.o(.text.main)
    __arm_cp.0_14                            0x08000bb0   Number         4  lto-llvm-203918.o(.text.main)
    __arm_cp.0_15                            0x08000bb4   Number         4  lto-llvm-203918.o(.text.main)
    APBPrescTable                            0x08000bb8   Number         0  lto-llvm-203918.o(.text.main)
    __arm_cp.0_17                            0x08000bc0   Number         4  lto-llvm-203918.o(.text.main)
    __arm_cp.0_18                            0x08000bc4   Number         4  lto-llvm-203918.o(.text.main)
    __arm_cp.0_19                            0x08000bc8   Number         4  lto-llvm-203918.o(.text.main)
    __arm_cp.0_21                            0x08000bd8   Number         4  lto-llvm-203918.o(.text.main)
    __arm_cp.0_22                            0x08000bdc   Number         4  lto-llvm-203918.o(.text.main)
    i.__scatterload_copy                     0x08000be0   Section       14  handlers.o(i.__scatterload_copy)
    i.__scatterload_null                     0x08000bee   Section        2  handlers.o(i.__scatterload_null)
    i.__scatterload_zeroinit                 0x08000bf0   Section       14  handlers.o(i.__scatterload_zeroinit)
    CMD_Data                                 0x08000bfe   Data          28  lto-llvm-203918.o(.rodata.CMD_Data)
    [Anonymous Symbol]                       0x08000bfe   Section        0  lto-llvm-203918.o(.rodata.CMD_Data)
    F8X16                                    0x08000c1a   Data        1504  lto-llvm-203918.o(.rodata.F8X16)
    [Anonymous Symbol]                       0x08000c1a   Section        0  lto-llvm-203918.o(.rodata.F8X16)
    Hzk                                      0x080011fa   Data         352  lto-llvm-203918.o(.rodata.Hzk)
    [Anonymous Symbol]                       0x080011fa   Section        0  lto-llvm-203918.o(.rodata.Hzk)
    Hzk32                                    0x0800135a   Data         128  lto-llvm-203918.o(.rodata.Hzk32)
    [Anonymous Symbol]                       0x0800135a   Section        0  lto-llvm-203918.o(.rodata.Hzk32)
    uwTickPrio                               0x20000000   Data           4  lto-llvm-203918.o(.data..L_MergedGlobals)
    [Anonymous Symbol]                       0x20000000   Section        0  lto-llvm-203918.o(.data..L_MergedGlobals)
    SystemCoreClock                          0x20000004   Data           4  lto-llvm-203918.o(.data..L_MergedGlobals)
    uwTick                                   0x20000008   Data           4  lto-llvm-203918.o(.bss..L_MergedGlobals.57)
    [Anonymous Symbol]                       0x20000008   Section        0  lto-llvm-203918.o(.bss..L_MergedGlobals.57)
    hi2c1                                    0x2000000c   Data          84  lto-llvm-203918.o(.bss..L_MergedGlobals.57)
    STACK                                    0x20000060   Section     1024  startup_stm32f103xe.o(STACK)

    Global Symbols

    Symbol Name                              Value     Ov Type        Size  Object(Section)

    BuildAttributes$$THM_ISAv4$P$D$K$B$S$PE$A:L22UL41UL21$X:L11$S22US41US21$IEEE1$IW$~IW$USESV6$~STKCKD$USESV7$~SHL$OSPACE$IEEEF$EBA8$MICROLIB$REQ8$PRES8$EABIv2 0x00000000   Number         0  anon$$obj.o ABSOLUTE
    __cpp_initialize__aeabi_                  - Undefined Weak Reference
    __cxa_finalize                            - Undefined Weak Reference
    __decompress                              - Undefined Weak Reference
    _clock_init                               - Undefined Weak Reference
    _microlib_exit                            - Undefined Weak Reference
    __Vectors_Size                           0x00000130   Number         0  startup_stm32f103xe.o ABSOLUTE
    __Vectors                                0x08000000   Data           4  startup_stm32f103xe.o(RESET)
    __Vectors_End                            0x08000130   Data           0  startup_stm32f103xe.o(RESET)
    __main                                   0x08000131   Thumb Code     0  entry.o(.ARM.Collect$$$$00000000)
    _main_stk                                0x08000131   Thumb Code     0  entry2.o(.ARM.Collect$$$$00000001)
    _main_scatterload                        0x08000135   Thumb Code     0  entry5.o(.ARM.Collect$$$$00000004)
    __main_after_scatterload                 0x08000139   Thumb Code     0  entry5.o(.ARM.Collect$$$$00000004)
    _main_clock                              0x08000139   Thumb Code     0  entry7b.o(.ARM.Collect$$$$00000008)
    _main_cpp_init                           0x08000139   Thumb Code     0  entry8b.o(.ARM.Collect$$$$0000000A)
    _main_init                               0x08000139   Thumb Code     0  entry9a.o(.ARM.Collect$$$$0000000B)
    __rt_final_cpp                           0x08000141   Thumb Code     0  entry10a.o(.ARM.Collect$$$$0000000D)
    __rt_final_exit                          0x08000141   Thumb Code     0  entry11a.o(.ARM.Collect$$$$0000000F)
    Reset_Handler                            0x08000145   Thumb Code     8  startup_stm32f103xe.o(.text)
    ADC1_2_IRQHandler                        0x0800015f   Thumb Code     0  startup_stm32f103xe.o(.text)
    ADC3_IRQHandler                          0x0800015f   Thumb Code     0  startup_stm32f103xe.o(.text)
    CAN1_RX1_IRQHandler                      0x0800015f   Thumb Code     0  startup_stm32f103xe.o(.text)
    CAN1_SCE_IRQHandler                      0x0800015f   Thumb Code     0  startup_stm32f103xe.o(.text)
    DMA1_Channel1_IRQHandler                 0x0800015f   Thumb Code     0  startup_stm32f103xe.o(.text)
    DMA1_Channel2_IRQHandler                 0x0800015f   Thumb Code     0  startup_stm32f103xe.o(.text)
    DMA1_Channel3_IRQHandler                 0x0800015f   Thumb Code     0  startup_stm32f103xe.o(.text)
    DMA1_Channel4_IRQHandler                 0x0800015f   Thumb Code     0  startup_stm32f103xe.o(.text)
    DMA1_Channel5_IRQHandler                 0x0800015f   Thumb Code     0  startup_stm32f103xe.o(.text)
    DMA1_Channel6_IRQHandler                 0x0800015f   Thumb Code     0  startup_stm32f103xe.o(.text)
    DMA1_Channel7_IRQHandler                 0x0800015f   Thumb Code     0  startup_stm32f103xe.o(.text)
    DMA2_Channel1_IRQHandler                 0x0800015f   Thumb Code     0  startup_stm32f103xe.o(.text)
    DMA2_Channel2_IRQHandler                 0x0800015f   Thumb Code     0  startup_stm32f103xe.o(.text)
    DMA2_Channel3_IRQHandler                 0x0800015f   Thumb Code     0  startup_stm32f103xe.o(.text)
    DMA2_Channel4_5_IRQHandler               0x0800015f   Thumb Code     0  startup_stm32f103xe.o(.text)
    EXTI0_IRQHandler                         0x0800015f   Thumb Code     0  startup_stm32f103xe.o(.text)
    EXTI15_10_IRQHandler                     0x0800015f   Thumb Code     0  startup_stm32f103xe.o(.text)
    EXTI1_IRQHandler                         0x0800015f   Thumb Code     0  startup_stm32f103xe.o(.text)
    EXTI2_IRQHandler                         0x0800015f   Thumb Code     0  startup_stm32f103xe.o(.text)
    EXTI3_IRQHandler                         0x0800015f   Thumb Code     0  startup_stm32f103xe.o(.text)
    EXTI4_IRQHandler                         0x0800015f   Thumb Code     0  startup_stm32f103xe.o(.text)
    EXTI9_5_IRQHandler                       0x0800015f   Thumb Code     0  startup_stm32f103xe.o(.text)
    FLASH_IRQHandler                         0x0800015f   Thumb Code     0  startup_stm32f103xe.o(.text)
    FSMC_IRQHandler                          0x0800015f   Thumb Code     0  startup_stm32f103xe.o(.text)
    I2C1_ER_IRQHandler                       0x0800015f   Thumb Code     0  startup_stm32f103xe.o(.text)
    I2C1_EV_IRQHandler                       0x0800015f   Thumb Code     0  startup_stm32f103xe.o(.text)
    I2C2_ER_IRQHandler                       0x0800015f   Thumb Code     0  startup_stm32f103xe.o(.text)
    I2C2_EV_IRQHandler                       0x0800015f   Thumb Code     0  startup_stm32f103xe.o(.text)
    PVD_IRQHandler                           0x0800015f   Thumb Code     0  startup_stm32f103xe.o(.text)
    RCC_IRQHandler                           0x0800015f   Thumb Code     0  startup_stm32f103xe.o(.text)
    RTC_Alarm_IRQHandler                     0x0800015f   Thumb Code     0  startup_stm32f103xe.o(.text)
    RTC_IRQHandler                           0x0800015f   Thumb Code     0  startup_stm32f103xe.o(.text)
    SDIO_IRQHandler                          0x0800015f   Thumb Code     0  startup_stm32f103xe.o(.text)
    SPI1_IRQHandler                          0x0800015f   Thumb Code     0  startup_stm32f103xe.o(.text)
    SPI2_IRQHandler                          0x0800015f   Thumb Code     0  startup_stm32f103xe.o(.text)
    SPI3_IRQHandler                          0x0800015f   Thumb Code     0  startup_stm32f103xe.o(.text)
    TAMPER_IRQHandler                        0x0800015f   Thumb Code     0  startup_stm32f103xe.o(.text)
    TIM1_BRK_IRQHandler                      0x0800015f   Thumb Code     0  startup_stm32f103xe.o(.text)
    TIM1_CC_IRQHandler                       0x0800015f   Thumb Code     0  startup_stm32f103xe.o(.text)
    TIM1_TRG_COM_IRQHandler                  0x0800015f   Thumb Code     0  startup_stm32f103xe.o(.text)
    TIM1_UP_IRQHandler                       0x0800015f   Thumb Code     0  startup_stm32f103xe.o(.text)
    TIM2_IRQHandler                          0x0800015f   Thumb Code     0  startup_stm32f103xe.o(.text)
    TIM3_IRQHandler                          0x0800015f   Thumb Code     0  startup_stm32f103xe.o(.text)
    TIM4_IRQHandler                          0x0800015f   Thumb Code     0  startup_stm32f103xe.o(.text)
    TIM5_IRQHandler                          0x0800015f   Thumb Code     0  startup_stm32f103xe.o(.text)
    TIM6_IRQHandler                          0x0800015f   Thumb Code     0  startup_stm32f103xe.o(.text)
    TIM7_IRQHandler                          0x0800015f   Thumb Code     0  startup_stm32f103xe.o(.text)
    TIM8_BRK_IRQHandler                      0x0800015f   Thumb Code     0  startup_stm32f103xe.o(.text)
    TIM8_CC_IRQHandler                       0x0800015f   Thumb Code     0  startup_stm32f103xe.o(.text)
    TIM8_TRG_COM_IRQHandler                  0x0800015f   Thumb Code     0  startup_stm32f103xe.o(.text)
    TIM8_UP_IRQHandler                       0x0800015f   Thumb Code     0  startup_stm32f103xe.o(.text)
    UART4_IRQHandler                         0x0800015f   Thumb Code     0  startup_stm32f103xe.o(.text)
    UART5_IRQHandler                         0x0800015f   Thumb Code     0  startup_stm32f103xe.o(.text)
    USART1_IRQHandler                        0x0800015f   Thumb Code     0  startup_stm32f103xe.o(.text)
    USART2_IRQHandler                        0x0800015f   Thumb Code     0  startup_stm32f103xe.o(.text)
    USART3_IRQHandler                        0x0800015f   Thumb Code     0  startup_stm32f103xe.o(.text)
    USBWakeUp_IRQHandler                     0x0800015f   Thumb Code     0  startup_stm32f103xe.o(.text)
    USB_HP_CAN1_TX_IRQHandler                0x0800015f   Thumb Code     0  startup_stm32f103xe.o(.text)
    USB_LP_CAN1_RX0_IRQHandler               0x0800015f   Thumb Code     0  startup_stm32f103xe.o(.text)
    WWDG_IRQHandler                          0x0800015f   Thumb Code     0  startup_stm32f103xe.o(.text)
    __scatterload                            0x08000169   Thumb Code    28  init.o(.text)
    __scatterload_rt2                        0x08000169   Thumb Code     0  init.o(.text)
    BusFault_Handler                         0x0800018d   Thumb Code     2  lto-llvm-203918.o(.text.BusFault_Handler)
    DebugMon_Handler                         0x0800018f   Thumb Code     2  lto-llvm-203918.o(.text.DebugMon_Handler)
    HardFault_Handler                        0x080003b5   Thumb Code     2  lto-llvm-203918.o(.text.HardFault_Handler)
    MemManage_Handler                        0x0800047d   Thumb Code     2  lto-llvm-203918.o(.text.MemManage_Handler)
    NMI_Handler                              0x0800047f   Thumb Code     2  lto-llvm-203918.o(.text.NMI_Handler)
    PendSV_Handler                           0x08000621   Thumb Code     2  lto-llvm-203918.o(.text.PendSV_Handler)
    SVC_Handler                              0x08000623   Thumb Code     2  lto-llvm-203918.o(.text.SVC_Handler)
    SysTick_Handler                          0x08000625   Thumb Code    16  lto-llvm-203918.o(.text.SysTick_Handler)
    SystemInit                               0x08000635   Thumb Code    76  lto-llvm-203918.o(.text.SystemInit)
    UsageFault_Handler                       0x08000681   Thumb Code     2  lto-llvm-203918.o(.text.UsageFault_Handler)
    main                                     0x08000685   Thumb Code  1372  lto-llvm-203918.o(.text.main)
    __scatterload_copy                       0x08000be1   Thumb Code    14  handlers.o(i.__scatterload_copy)
    __scatterload_null                       0x08000bef   Thumb Code     2  handlers.o(i.__scatterload_null)
    __scatterload_zeroinit                   0x08000bf1   Thumb Code    14  handlers.o(i.__scatterload_zeroinit)
    Region$$Table$$Base                      0x080013dc   Number         0  anon$$obj.o(Region$$Table)
    Region$$Table$$Limit                     0x080013fc   Number         0  anon$$obj.o(Region$$Table)
    __initial_sp                             0x20000460   Data           0  startup_stm32f103xe.o(STACK)



==============================================================================

Memory Map of the image

  Image Entry point : 0x08000131

  Load Region LR_IROM1 (Base: 0x08000000, Size: 0x00001408, Max: 0x00080000, ABSOLUTE)

    Execution Region ER_IROM1 (Exec base: 0x08000000, Load base: 0x08000000, Size: 0x000013fc, Max: 0x00080000, ABSOLUTE)

    Exec Addr    Load Addr    Size         Type   Attr      Idx    E Section Name        Object

    0x08000000   0x08000000   0x00000130   Data   RO            3    RESET               startup_stm32f103xe.o
    0x08000130   0x08000130   0x00000000   Code   RO           31  * .ARM.Collect$$$$00000000  mc_w.l(entry.o)
    0x08000130   0x08000130   0x00000004   Code   RO           34    .ARM.Collect$$$$00000001  mc_w.l(entry2.o)
    0x08000134   0x08000134   0x00000004   Code   RO           37    .ARM.Collect$$$$00000004  mc_w.l(entry5.o)
    0x08000138   0x08000138   0x00000000   Code   RO           39    .ARM.Collect$$$$00000008  mc_w.l(entry7b.o)
    0x08000138   0x08000138   0x00000000   Code   RO           41    .ARM.Collect$$$$0000000A  mc_w.l(entry8b.o)
    0x08000138   0x08000138   0x00000008   Code   RO           42    .ARM.Collect$$$$0000000B  mc_w.l(entry9a.o)
    0x08000140   0x08000140   0x00000000   Code   RO           44    .ARM.Collect$$$$0000000D  mc_w.l(entry10a.o)
    0x08000140   0x08000140   0x00000000   Code   RO           46    .ARM.Collect$$$$0000000F  mc_w.l(entry11a.o)
    0x08000140   0x08000140   0x00000004   Code   RO           35    .ARM.Collect$$$$00002712  mc_w.l(entry2.o)
    0x08000144   0x08000144   0x00000024   Code   RO            4    .text               startup_stm32f103xe.o
    0x08000168   0x08000168   0x00000024   Code   RO           48    .text               mc_w.l(init.o)
    0x0800018c   0x0800018c   0x00000002   Code   RO           59    .text.BusFault_Handler  lto-llvm-203918.o
    0x0800018e   0x0800018e   0x00000002   Code   RO           65    .text.DebugMon_Handler  lto-llvm-203918.o
    0x08000190   0x08000190   0x000001bc   Code   RO           89    .text.HAL_I2C_Mem_Write  lto-llvm-203918.o
    0x0800034c   0x0800034c   0x00000068   Code   RO           91    .text.HAL_InitTick  lto-llvm-203918.o
    0x080003b4   0x080003b4   0x00000002   Code   RO           55    .text.HardFault_Handler  lto-llvm-203918.o
    0x080003b6   0x080003b6   0x00000002   PAD
    0x080003b8   0x080003b8   0x00000030   Code   RO           87    .text.I2C_IsAcknowledgeFailed  lto-llvm-203918.o
    0x080003e8   0x080003e8   0x00000050   Code   RO           83    .text.I2C_WaitOnFlagUntilTimeout  lto-llvm-203918.o
    0x08000438   0x08000438   0x00000044   Code   RO           85    .text.I2C_WaitOnTXEFlagUntilTimeout  lto-llvm-203918.o
    0x0800047c   0x0800047c   0x00000002   Code   RO           57    .text.MemManage_Handler  lto-llvm-203918.o
    0x0800047e   0x0800047e   0x00000002   Code   RO           53    .text.NMI_Handler   lto-llvm-203918.o
    0x08000480   0x08000480   0x00000024   Code   RO           75    .text.OLED_Set_Pos  lto-llvm-203918.o
    0x080004a4   0x080004a4   0x00000058   Code   RO           79    .text.OLED_ShowCHinese  lto-llvm-203918.o
    0x080004fc   0x080004fc   0x000000a0   Code   RO           81    .text.OLED_ShowCHinese32  lto-llvm-203918.o
    0x0800059c   0x0800059c   0x0000005c   Code   RO           77    .text.OLED_ShowChar  lto-llvm-203918.o
    0x080005f8   0x080005f8   0x00000014   Code   RO           71    .text.OLED_WR_CMD   lto-llvm-203918.o
    0x0800060c   0x0800060c   0x00000014   Code   RO           73    .text.OLED_WR_DATA  lto-llvm-203918.o
    0x08000620   0x08000620   0x00000002   Code   RO           67    .text.PendSV_Handler  lto-llvm-203918.o
    0x08000622   0x08000622   0x00000002   Code   RO           63    .text.SVC_Handler   lto-llvm-203918.o
    0x08000624   0x08000624   0x00000010   Code   RO           69    .text.SysTick_Handler  lto-llvm-203918.o
    0x08000634   0x08000634   0x0000004c   Code   RO           93    .text.SystemInit    lto-llvm-203918.o
    0x08000680   0x08000680   0x00000002   Code   RO           61    .text.UsageFault_Handler  lto-llvm-203918.o
    0x08000682   0x08000682   0x00000002   PAD
    0x08000684   0x08000684   0x0000055c   Code   RO           51    .text.main          lto-llvm-203918.o
    0x08000be0   0x08000be0   0x0000000e   Code   RO          111    i.__scatterload_copy  mc_w.l(handlers.o)
    0x08000bee   0x08000bee   0x00000002   Code   RO          112    i.__scatterload_null  mc_w.l(handlers.o)
    0x08000bf0   0x08000bf0   0x0000000e   Code   RO          113    i.__scatterload_zeroinit  mc_w.l(handlers.o)
    0x08000bfe   0x08000bfe   0x0000001c   Data   RO           99    .rodata.CMD_Data    lto-llvm-203918.o
    0x08000c1a   0x08000c1a   0x000005e0   Data   RO           96    .rodata.F8X16       lto-llvm-203918.o
    0x080011fa   0x080011fa   0x00000160   Data   RO           97    .rodata.Hzk         lto-llvm-203918.o
    0x0800135a   0x0800135a   0x00000080   Data   RO           98    .rodata.Hzk32       lto-llvm-203918.o
    0x080013da   0x080013da   0x00000002   PAD
    0x080013dc   0x080013dc   0x00000020   Data   RO          110    Region$$Table       anon$$obj.o


    Execution Region RW_IRAM1 (Exec base: 0x20000000, Load base: 0x08001400, Size: 0x00000460, Max: 0x00010000, ABSOLUTE)

    Exec Addr    Load Addr    Size         Type   Attr      Idx    E Section Name        Object

    0x20000000   0x08001400   0x00000008   Data   RW          100    .data..L_MergedGlobals  lto-llvm-203918.o
    0x20000008        -       0x00000058   Zero   RW          101    .bss..L_MergedGlobals.57  lto-llvm-203918.o
    0x20000060        -       0x00000400   Zero   RW            1    STACK               startup_stm32f103xe.o


==============================================================================

Image component sizes


      Code (inc. data)   RO Data    RW Data    ZI Data      Debug   Object Name

      2640        188       2012          8         88      30854   lto-llvm-203918.o
        36          8        304          0       1024        804   startup_stm32f103xe.o

    ----------------------------------------------------------------------
      2680        196       2350          8       1112      31658   Object Totals
         0          0         32          0          0          0   (incl. Generated)
         4          0          2          0          0          0   (incl. Padding)

    ----------------------------------------------------------------------

      Code (inc. data)   RO Data    RW Data    ZI Data      Debug   Library Member Name

         0          0          0          0          0          0   entry.o
         0          0          0          0          0          0   entry10a.o
         0          0          0          0          0          0   entry11a.o
         8          4          0          0          0          0   entry2.o
         4          0          0          0          0          0   entry5.o
         0          0          0          0          0          0   entry7b.o
         0          0          0          0          0          0   entry8b.o
         8          4          0          0          0          0   entry9a.o
        30          0          0          0          0          0   handlers.o
        36          8          0          0          0         68   init.o

    ----------------------------------------------------------------------
        86         16          0          0          0         68   Library Totals
         0          0          0          0          0          0   (incl. Padding)

    ----------------------------------------------------------------------

      Code (inc. data)   RO Data    RW Data    ZI Data      Debug   Library Name

        86         16          0          0          0         68   mc_w.l

    ----------------------------------------------------------------------
        86         16          0          0          0         68   Library Totals

    ----------------------------------------------------------------------

==============================================================================


      Code (inc. data)   RO Data    RW Data    ZI Data      Debug   

      2766        212       2350          8       1112      31878   Grand Totals
      2766        212       2350          8       1112      31878   ELF Image Totals
      2766        212       2350          8          0          0   ROM Totals

==============================================================================

    Total RO  Size (Code + RO Data)                 5116 (   5.00kB)
    Total RW  Size (RW Data + ZI Data)              1120 (   1.09kB)
    Total ROM Size (Code + RO Data + RW Data)       5124 (   5.00kB)

==============================================================================

