Component: ARM Compiler 6.14 Tool: armlink [5db06800]

==============================================================================

Section Cross References

    startup_stm32f103xe.o(RESET) refers to startup_stm32f103xe.o(STACK) for __initial_sp
    startup_stm32f103xe.o(RESET) refers to startup_stm32f103xe.o(.text) for Reset_Handler
    startup_stm32f103xe.o(RESET) refers to lto-llvm-c27023.o(.text.NMI_Handler) for NMI_Handler
    startup_stm32f103xe.o(RESET) refers to lto-llvm-c27023.o(.text.HardFault_Handler) for HardFault_Handler
    startup_stm32f103xe.o(RESET) refers to lto-llvm-c27023.o(.text.MemManage_Handler) for MemManage_Handler
    startup_stm32f103xe.o(RESET) refers to lto-llvm-c27023.o(.text.BusFault_Handler) for BusFault_Handler
    startup_stm32f103xe.o(RESET) refers to lto-llvm-c27023.o(.text.UsageFault_Handler) for UsageFault_Handler
    startup_stm32f103xe.o(RESET) refers to lto-llvm-c27023.o(.text.SVC_Handler) for SVC_Handler
    startup_stm32f103xe.o(RESET) refers to lto-llvm-c27023.o(.text.DebugMon_Handler) for DebugMon_Handler
    startup_stm32f103xe.o(RESET) refers to lto-llvm-c27023.o(.text.PendSV_Handler) for PendSV_Handler
    startup_stm32f103xe.o(RESET) refers to lto-llvm-c27023.o(.text.SysTick_Handler) for SysTick_Handler
    startup_stm32f103xe.o(RESET) refers to lto-llvm-c27023.o(.text.TIM2_IRQHandler) for TIM2_IRQHandler
    startup_stm32f103xe.o(.text) refers to lto-llvm-c27023.o(.text.SystemInit) for SystemInit
    startup_stm32f103xe.o(.text) refers to entry.o(.ARM.Collect$$$$00000000) for __main
    entry.o(.ARM.Collect$$$$00000000) refers (Special) to entry10a.o(.ARM.Collect$$$$0000000D) for __rt_final_cpp
    entry.o(.ARM.Collect$$$$00000000) refers (Special) to entry11a.o(.ARM.Collect$$$$0000000F) for __rt_final_exit
    entry.o(.ARM.Collect$$$$00000000) refers (Special) to entry7b.o(.ARM.Collect$$$$00000008) for _main_clock
    entry.o(.ARM.Collect$$$$00000000) refers (Special) to entry8b.o(.ARM.Collect$$$$0000000A) for _main_cpp_init
    entry.o(.ARM.Collect$$$$00000000) refers (Special) to entry9a.o(.ARM.Collect$$$$0000000B) for _main_init
    entry.o(.ARM.Collect$$$$00000000) refers (Special) to entry5.o(.ARM.Collect$$$$00000004) for _main_scatterload
    entry.o(.ARM.Collect$$$$00000000) refers (Special) to entry2.o(.ARM.Collect$$$$00000001) for _main_stk
    entry2.o(.ARM.Collect$$$$00000001) refers to entry2.o(.ARM.Collect$$$$00002712) for __lit__00000000
    entry2.o(.ARM.Collect$$$$00002712) refers to startup_stm32f103xe.o(STACK) for __initial_sp
    entry2.o(__vectab_stack_and_reset_area) refers to startup_stm32f103xe.o(STACK) for __initial_sp
    entry2.o(__vectab_stack_and_reset_area) refers to entry.o(.ARM.Collect$$$$00000000) for __main
    entry5.o(.ARM.Collect$$$$00000004) refers to init.o(.text) for __scatterload
    entry9a.o(.ARM.Collect$$$$0000000B) refers to lto-llvm-c27023.o(.text.main) for main
    entry9b.o(.ARM.Collect$$$$0000000C) refers to lto-llvm-c27023.o(.text.main) for main
    init.o(.text) refers to entry5.o(.ARM.Collect$$$$00000004) for __main_after_scatterload
    lto-llvm-c27023.o(.text.main) refers to lto-llvm-c27023.o(.text.HAL_InitTick) for HAL_InitTick
    lto-llvm-c27023.o(.text.main) refers to lto-llvm-c27023.o(.text.HAL_GPIO_Init) for HAL_GPIO_Init
    lto-llvm-c27023.o(.text.main) refers to lto-llvm-c27023.o(.text.HAL_NVIC_SetPriority) for HAL_NVIC_SetPriority
    lto-llvm-c27023.o(.text.main) refers to lto-llvm-c27023.o(.bss..L_MergedGlobals.63) for [Anonymous Symbol]
    lto-llvm-c27023.o(.text.main) refers to lto-llvm-c27023.o(.data..L_MergedGlobals) for [Anonymous Symbol]
    lto-llvm-c27023.o(.ARM.exidx.text.main) refers to lto-llvm-c27023.o(.text.main) for [Anonymous Symbol]
    lto-llvm-c27023.o(.ARM.exidx.text.NMI_Handler) refers to lto-llvm-c27023.o(.text.NMI_Handler) for [Anonymous Symbol]
    lto-llvm-c27023.o(.ARM.exidx.text.HardFault_Handler) refers to lto-llvm-c27023.o(.text.HardFault_Handler) for [Anonymous Symbol]
    lto-llvm-c27023.o(.ARM.exidx.text.MemManage_Handler) refers to lto-llvm-c27023.o(.text.MemManage_Handler) for [Anonymous Symbol]
    lto-llvm-c27023.o(.ARM.exidx.text.BusFault_Handler) refers to lto-llvm-c27023.o(.text.BusFault_Handler) for [Anonymous Symbol]
    lto-llvm-c27023.o(.ARM.exidx.text.UsageFault_Handler) refers to lto-llvm-c27023.o(.text.UsageFault_Handler) for [Anonymous Symbol]
    lto-llvm-c27023.o(.ARM.exidx.text.SVC_Handler) refers to lto-llvm-c27023.o(.text.SVC_Handler) for [Anonymous Symbol]
    lto-llvm-c27023.o(.ARM.exidx.text.DebugMon_Handler) refers to lto-llvm-c27023.o(.text.DebugMon_Handler) for [Anonymous Symbol]
    lto-llvm-c27023.o(.ARM.exidx.text.PendSV_Handler) refers to lto-llvm-c27023.o(.text.PendSV_Handler) for [Anonymous Symbol]
    lto-llvm-c27023.o(.text.SysTick_Handler) refers to lto-llvm-c27023.o(.bss..L_MergedGlobals.63) for [Anonymous Symbol]
    lto-llvm-c27023.o(.ARM.exidx.text.SysTick_Handler) refers to lto-llvm-c27023.o(.text.SysTick_Handler) for [Anonymous Symbol]
    lto-llvm-c27023.o(.text.TIM2_IRQHandler) refers to lto-llvm-c27023.o(.bss..L_MergedGlobals.63) for [Anonymous Symbol]
    lto-llvm-c27023.o(.ARM.exidx.text.TIM2_IRQHandler) refers to lto-llvm-c27023.o(.text.TIM2_IRQHandler) for [Anonymous Symbol]
    lto-llvm-c27023.o(.text.HAL_InitTick) refers to lto-llvm-c27023.o(.text.HAL_NVIC_SetPriority) for HAL_NVIC_SetPriority
    lto-llvm-c27023.o(.text.HAL_InitTick) refers to lto-llvm-c27023.o(.data..L_MergedGlobals) for [Anonymous Symbol]
    lto-llvm-c27023.o(.ARM.exidx.text.HAL_InitTick) refers to lto-llvm-c27023.o(.text.HAL_InitTick) for [Anonymous Symbol]
    lto-llvm-c27023.o(.ARM.exidx.text.HAL_GPIO_Init) refers to lto-llvm-c27023.o(.text.HAL_GPIO_Init) for [Anonymous Symbol]
    lto-llvm-c27023.o(.ARM.exidx.text.HAL_NVIC_SetPriority) refers to lto-llvm-c27023.o(.text.HAL_NVIC_SetPriority) for [Anonymous Symbol]
    lto-llvm-c27023.o(.ARM.exidx.text.SystemInit) refers to lto-llvm-c27023.o(.text.SystemInit) for [Anonymous Symbol]


==============================================================================

Removing Unused input sections from the image.

    Removing startup_stm32f103xe.o(HEAP), (512 bytes).
    Removing lto-llvm-c27023.o(.text), (0 bytes).
    Removing lto-llvm-c27023.o(.ARM.exidx.text.main), (8 bytes).
    Removing lto-llvm-c27023.o(.ARM.exidx.text.NMI_Handler), (8 bytes).
    Removing lto-llvm-c27023.o(.ARM.exidx.text.HardFault_Handler), (8 bytes).
    Removing lto-llvm-c27023.o(.ARM.exidx.text.MemManage_Handler), (8 bytes).
    Removing lto-llvm-c27023.o(.ARM.exidx.text.BusFault_Handler), (8 bytes).
    Removing lto-llvm-c27023.o(.ARM.exidx.text.UsageFault_Handler), (8 bytes).
    Removing lto-llvm-c27023.o(.ARM.exidx.text.SVC_Handler), (8 bytes).
    Removing lto-llvm-c27023.o(.ARM.exidx.text.DebugMon_Handler), (8 bytes).
    Removing lto-llvm-c27023.o(.ARM.exidx.text.PendSV_Handler), (8 bytes).
    Removing lto-llvm-c27023.o(.ARM.exidx.text.SysTick_Handler), (8 bytes).
    Removing lto-llvm-c27023.o(.ARM.exidx.text.TIM2_IRQHandler), (8 bytes).
    Removing lto-llvm-c27023.o(.ARM.exidx.text.HAL_InitTick), (8 bytes).
    Removing lto-llvm-c27023.o(.ARM.exidx.text.HAL_GPIO_Init), (8 bytes).
    Removing lto-llvm-c27023.o(.ARM.exidx.text.HAL_NVIC_SetPriority), (8 bytes).
    Removing lto-llvm-c27023.o(.ARM.exidx.text.SystemInit), (8 bytes).
    Removing lto-llvm-c27023.o(.ARM.use_no_argv), (4 bytes).

18 unused section(s) (total 636 bytes) removed from the image.

==============================================================================

Image Symbol Table

    Local Symbols

    Symbol Name                              Value     Ov Type        Size  Object(Section)

    ../clib/microlib/init/entry.s            0x00000000   Number         0  entry.o ABSOLUTE
    ../clib/microlib/init/entry.s            0x00000000   Number         0  entry2.o ABSOLUTE
    ../clib/microlib/init/entry.s            0x00000000   Number         0  entry5.o ABSOLUTE
    ../clib/microlib/init/entry.s            0x00000000   Number         0  entry7a.o ABSOLUTE
    ../clib/microlib/init/entry.s            0x00000000   Number         0  entry7b.o ABSOLUTE
    ../clib/microlib/init/entry.s            0x00000000   Number         0  entry8a.o ABSOLUTE
    ../clib/microlib/init/entry.s            0x00000000   Number         0  entry8b.o ABSOLUTE
    ../clib/microlib/init/entry.s            0x00000000   Number         0  entry9a.o ABSOLUTE
    ../clib/microlib/init/entry.s            0x00000000   Number         0  entry9b.o ABSOLUTE
    ../clib/microlib/init/entry.s            0x00000000   Number         0  entry10a.o ABSOLUTE
    ../clib/microlib/init/entry.s            0x00000000   Number         0  entry10b.o ABSOLUTE
    ../clib/microlib/init/entry.s            0x00000000   Number         0  entry11a.o ABSOLUTE
    ../clib/microlib/init/entry.s            0x00000000   Number         0  entry11b.o ABSOLUTE
    dc.s                                     0x00000000   Number         0  dc.o ABSOLUTE
    handlers.s                               0x00000000   Number         0  handlers.o ABSOLUTE
    init.s                                   0x00000000   Number         0  init.o ABSOLUTE
    ld-temp.o                                0x00000000   Number         0  lto-llvm-c27023.o ABSOLUTE
    startup_stm32f103xe.s                    0x00000000   Number         0  startup_stm32f103xe.o ABSOLUTE
    RESET                                    0x08000000   Section      304  startup_stm32f103xe.o(RESET)
    .ARM.Collect$$$$00000000                 0x08000130   Section        0  entry.o(.ARM.Collect$$$$00000000)
    .ARM.Collect$$$$00000001                 0x08000130   Section        4  entry2.o(.ARM.Collect$$$$00000001)
    .ARM.Collect$$$$00000004                 0x08000134   Section        4  entry5.o(.ARM.Collect$$$$00000004)
    .ARM.Collect$$$$00000008                 0x08000138   Section        0  entry7b.o(.ARM.Collect$$$$00000008)
    .ARM.Collect$$$$0000000A                 0x08000138   Section        0  entry8b.o(.ARM.Collect$$$$0000000A)
    .ARM.Collect$$$$0000000B                 0x08000138   Section        8  entry9a.o(.ARM.Collect$$$$0000000B)
    __lit__00000000                          0x08000140   Data           4  entry2.o(.ARM.Collect$$$$00002712)
    .ARM.Collect$$$$0000000D                 0x08000140   Section        0  entry10a.o(.ARM.Collect$$$$0000000D)
    .ARM.Collect$$$$0000000F                 0x08000140   Section        0  entry11a.o(.ARM.Collect$$$$0000000F)
    .ARM.Collect$$$$00002712                 0x08000140   Section        4  entry2.o(.ARM.Collect$$$$00002712)
    .text                                    0x08000144   Section       36  startup_stm32f103xe.o(.text)
    .text                                    0x08000168   Section       36  init.o(.text)
    [Anonymous Symbol]                       0x0800018c   Section        0  lto-llvm-c27023.o(.text.BusFault_Handler)
    [Anonymous Symbol]                       0x0800018e   Section        0  lto-llvm-c27023.o(.text.DebugMon_Handler)
    HAL_GPIO_Init                            0x08000191   Thumb Code   420  lto-llvm-c27023.o(.text.HAL_GPIO_Init)
    [Anonymous Symbol]                       0x08000190   Section        0  lto-llvm-c27023.o(.text.HAL_GPIO_Init)
    __arm_cp.12_0                            0x08000304   Number         4  lto-llvm-c27023.o(.text.HAL_GPIO_Init)
    __arm_cp.12_1                            0x08000308   Number         4  lto-llvm-c27023.o(.text.HAL_GPIO_Init)
    __arm_cp.12_2                            0x0800030c   Number         4  lto-llvm-c27023.o(.text.HAL_GPIO_Init)
    __arm_cp.12_3                            0x08000310   Number         4  lto-llvm-c27023.o(.text.HAL_GPIO_Init)
    __arm_cp.12_4                            0x08000314   Number         4  lto-llvm-c27023.o(.text.HAL_GPIO_Init)
    __arm_cp.12_5                            0x08000318   Number         4  lto-llvm-c27023.o(.text.HAL_GPIO_Init)
    __arm_cp.12_6                            0x0800031c   Number         4  lto-llvm-c27023.o(.text.HAL_GPIO_Init)
    __arm_cp.12_7                            0x08000320   Number         4  lto-llvm-c27023.o(.text.HAL_GPIO_Init)
    __arm_cp.12_8                            0x08000324   Number         4  lto-llvm-c27023.o(.text.HAL_GPIO_Init)
    __arm_cp.12_9                            0x08000328   Number         4  lto-llvm-c27023.o(.text.HAL_GPIO_Init)
    __arm_cp.12_10                           0x0800032c   Number         4  lto-llvm-c27023.o(.text.HAL_GPIO_Init)
    __arm_cp.12_11                           0x08000330   Number         4  lto-llvm-c27023.o(.text.HAL_GPIO_Init)
    HAL_InitTick                             0x08000335   Thumb Code    76  lto-llvm-c27023.o(.text.HAL_InitTick)
    [Anonymous Symbol]                       0x08000334   Section        0  lto-llvm-c27023.o(.text.HAL_InitTick)
    __arm_cp.11_0                            0x08000374   Number         4  lto-llvm-c27023.o(.text.HAL_InitTick)
    __arm_cp.11_1                            0x08000378   Number         4  lto-llvm-c27023.o(.text.HAL_InitTick)
    __arm_cp.11_2                            0x0800037c   Number         4  lto-llvm-c27023.o(.text.HAL_InitTick)
    HAL_NVIC_SetPriority                     0x08000381   Thumb Code    80  lto-llvm-c27023.o(.text.HAL_NVIC_SetPriority)
    [Anonymous Symbol]                       0x08000380   Section        0  lto-llvm-c27023.o(.text.HAL_NVIC_SetPriority)
    __arm_cp.13_0                            0x080003c8   Number         4  lto-llvm-c27023.o(.text.HAL_NVIC_SetPriority)
    __arm_cp.13_1                            0x080003cc   Number         4  lto-llvm-c27023.o(.text.HAL_NVIC_SetPriority)
    [Anonymous Symbol]                       0x080003d0   Section        0  lto-llvm-c27023.o(.text.HardFault_Handler)
    [Anonymous Symbol]                       0x080003d2   Section        0  lto-llvm-c27023.o(.text.MemManage_Handler)
    [Anonymous Symbol]                       0x080003d4   Section        0  lto-llvm-c27023.o(.text.NMI_Handler)
    [Anonymous Symbol]                       0x080003d6   Section        0  lto-llvm-c27023.o(.text.PendSV_Handler)
    [Anonymous Symbol]                       0x080003d8   Section        0  lto-llvm-c27023.o(.text.SVC_Handler)
    [Anonymous Symbol]                       0x080003dc   Section        0  lto-llvm-c27023.o(.text.SysTick_Handler)
    [Anonymous Symbol]                       0x080003e8   Section        0  lto-llvm-c27023.o(.text.SystemInit)
    __arm_cp.14_0                            0x08000424   Number         4  lto-llvm-c27023.o(.text.SystemInit)
    __arm_cp.14_1                            0x08000428   Number         4  lto-llvm-c27023.o(.text.SystemInit)
    __arm_cp.14_2                            0x0800042c   Number         4  lto-llvm-c27023.o(.text.SystemInit)
    __arm_cp.14_3                            0x08000430   Number         4  lto-llvm-c27023.o(.text.SystemInit)
    [Anonymous Symbol]                       0x08000434   Section        0  lto-llvm-c27023.o(.text.TIM2_IRQHandler)
    __arm_cp.10_0                            0x08000510   Number         4  lto-llvm-c27023.o(.text.TIM2_IRQHandler)
    __arm_cp.10_1                            0x08000514   Number         4  lto-llvm-c27023.o(.text.TIM2_IRQHandler)
    [Anonymous Symbol]                       0x08000518   Section        0  lto-llvm-c27023.o(.text.UsageFault_Handler)
    [Anonymous Symbol]                       0x0800051c   Section        0  lto-llvm-c27023.o(.text.main)
    __arm_cp.0_21                            0x080006b4   Number         4  lto-llvm-c27023.o(.text.main)
    __arm_cp.0_1                             0x080008b8   Number         4  lto-llvm-c27023.o(.text.main)
    __arm_cp.0_2                             0x080008bc   Number         4  lto-llvm-c27023.o(.text.main)
    __arm_cp.0_3                             0x080008c0   Number         4  lto-llvm-c27023.o(.text.main)
    __arm_cp.0_4                             0x080008c4   Number         4  lto-llvm-c27023.o(.text.main)
    __arm_cp.0_5                             0x080008c8   Number         4  lto-llvm-c27023.o(.text.main)
    __arm_cp.0_6                             0x080008cc   Number         4  lto-llvm-c27023.o(.text.main)
    __arm_cp.0_7                             0x080008d0   Number         4  lto-llvm-c27023.o(.text.main)
    __arm_cp.0_10                            0x080008e8   Number         4  lto-llvm-c27023.o(.text.main)
    AHBPrescTable                            0x080008ec   Number         0  lto-llvm-c27023.o(.text.main)
    __arm_cp.0_12                            0x080008fc   Number         4  lto-llvm-c27023.o(.text.main)
    __arm_cp.0_13                            0x08000900   Number         4  lto-llvm-c27023.o(.text.main)
    __arm_cp.0_14                            0x08000904   Number         4  lto-llvm-c27023.o(.text.main)
    __arm_cp.0_15                            0x08000908   Number         4  lto-llvm-c27023.o(.text.main)
    __arm_cp.0_16                            0x0800090c   Number         4  lto-llvm-c27023.o(.text.main)
    __arm_cp.0_17                            0x08000910   Number         4  lto-llvm-c27023.o(.text.main)
    __arm_cp.0_18                            0x08000914   Number         4  lto-llvm-c27023.o(.text.main)
    __arm_cp.0_19                            0x08000918   Number         4  lto-llvm-c27023.o(.text.main)
    __arm_cp.0_20                            0x0800091c   Number         4  lto-llvm-c27023.o(.text.main)
    i.__scatterload_copy                     0x08000920   Section       14  handlers.o(i.__scatterload_copy)
    i.__scatterload_null                     0x0800092e   Section        2  handlers.o(i.__scatterload_null)
    i.__scatterload_zeroinit                 0x08000930   Section       14  handlers.o(i.__scatterload_zeroinit)
    uwTickPrio                               0x20000000   Data           4  lto-llvm-c27023.o(.data..L_MergedGlobals)
    [Anonymous Symbol]                       0x20000000   Section        0  lto-llvm-c27023.o(.data..L_MergedGlobals)
    SystemCoreClock                          0x20000004   Data           4  lto-llvm-c27023.o(.data..L_MergedGlobals)
    uwTick                                   0x20000008   Data           4  lto-llvm-c27023.o(.bss..L_MergedGlobals.63)
    [Anonymous Symbol]                       0x20000008   Section        0  lto-llvm-c27023.o(.bss..L_MergedGlobals.63)
    htim2                                    0x2000000c   Data          64  lto-llvm-c27023.o(.bss..L_MergedGlobals.63)
    STACK                                    0x20000050   Section     1024  startup_stm32f103xe.o(STACK)

    Global Symbols

    Symbol Name                              Value     Ov Type        Size  Object(Section)

    BuildAttributes$$THM_ISAv4$P$D$K$B$S$PE$A:L22UL41UL21$X:L11$S22US41US21$IEEE1$IW$~IW$USESV6$~STKCKD$USESV7$~SHL$OSPACE$IEEEF$EBA8$MICROLIB$REQ8$PRES8$EABIv2 0x00000000   Number         0  anon$$obj.o ABSOLUTE
    __cpp_initialize__aeabi_                  - Undefined Weak Reference
    __cxa_finalize                            - Undefined Weak Reference
    __decompress                              - Undefined Weak Reference
    _clock_init                               - Undefined Weak Reference
    _microlib_exit                            - Undefined Weak Reference
    __Vectors_Size                           0x00000130   Number         0  startup_stm32f103xe.o ABSOLUTE
    __Vectors                                0x08000000   Data           4  startup_stm32f103xe.o(RESET)
    __Vectors_End                            0x08000130   Data           0  startup_stm32f103xe.o(RESET)
    __main                                   0x08000131   Thumb Code     0  entry.o(.ARM.Collect$$$$00000000)
    _main_stk                                0x08000131   Thumb Code     0  entry2.o(.ARM.Collect$$$$00000001)
    _main_scatterload                        0x08000135   Thumb Code     0  entry5.o(.ARM.Collect$$$$00000004)
    __main_after_scatterload                 0x08000139   Thumb Code     0  entry5.o(.ARM.Collect$$$$00000004)
    _main_clock                              0x08000139   Thumb Code     0  entry7b.o(.ARM.Collect$$$$00000008)
    _main_cpp_init                           0x08000139   Thumb Code     0  entry8b.o(.ARM.Collect$$$$0000000A)
    _main_init                               0x08000139   Thumb Code     0  entry9a.o(.ARM.Collect$$$$0000000B)
    __rt_final_cpp                           0x08000141   Thumb Code     0  entry10a.o(.ARM.Collect$$$$0000000D)
    __rt_final_exit                          0x08000141   Thumb Code     0  entry11a.o(.ARM.Collect$$$$0000000F)
    Reset_Handler                            0x08000145   Thumb Code     8  startup_stm32f103xe.o(.text)
    ADC1_2_IRQHandler                        0x0800015f   Thumb Code     0  startup_stm32f103xe.o(.text)
    ADC3_IRQHandler                          0x0800015f   Thumb Code     0  startup_stm32f103xe.o(.text)
    CAN1_RX1_IRQHandler                      0x0800015f   Thumb Code     0  startup_stm32f103xe.o(.text)
    CAN1_SCE_IRQHandler                      0x0800015f   Thumb Code     0  startup_stm32f103xe.o(.text)
    DMA1_Channel1_IRQHandler                 0x0800015f   Thumb Code     0  startup_stm32f103xe.o(.text)
    DMA1_Channel2_IRQHandler                 0x0800015f   Thumb Code     0  startup_stm32f103xe.o(.text)
    DMA1_Channel3_IRQHandler                 0x0800015f   Thumb Code     0  startup_stm32f103xe.o(.text)
    DMA1_Channel4_IRQHandler                 0x0800015f   Thumb Code     0  startup_stm32f103xe.o(.text)
    DMA1_Channel5_IRQHandler                 0x0800015f   Thumb Code     0  startup_stm32f103xe.o(.text)
    DMA1_Channel6_IRQHandler                 0x0800015f   Thumb Code     0  startup_stm32f103xe.o(.text)
    DMA1_Channel7_IRQHandler                 0x0800015f   Thumb Code     0  startup_stm32f103xe.o(.text)
    DMA2_Channel1_IRQHandler                 0x0800015f   Thumb Code     0  startup_stm32f103xe.o(.text)
    DMA2_Channel2_IRQHandler                 0x0800015f   Thumb Code     0  startup_stm32f103xe.o(.text)
    DMA2_Channel3_IRQHandler                 0x0800015f   Thumb Code     0  startup_stm32f103xe.o(.text)
    DMA2_Channel4_5_IRQHandler               0x0800015f   Thumb Code     0  startup_stm32f103xe.o(.text)
    EXTI0_IRQHandler                         0x0800015f   Thumb Code     0  startup_stm32f103xe.o(.text)
    EXTI15_10_IRQHandler                     0x0800015f   Thumb Code     0  startup_stm32f103xe.o(.text)
    EXTI1_IRQHandler                         0x0800015f   Thumb Code     0  startup_stm32f103xe.o(.text)
    EXTI2_IRQHandler                         0x0800015f   Thumb Code     0  startup_stm32f103xe.o(.text)
    EXTI3_IRQHandler                         0x0800015f   Thumb Code     0  startup_stm32f103xe.o(.text)
    EXTI4_IRQHandler                         0x0800015f   Thumb Code     0  startup_stm32f103xe.o(.text)
    EXTI9_5_IRQHandler                       0x0800015f   Thumb Code     0  startup_stm32f103xe.o(.text)
    FLASH_IRQHandler                         0x0800015f   Thumb Code     0  startup_stm32f103xe.o(.text)
    FSMC_IRQHandler                          0x0800015f   Thumb Code     0  startup_stm32f103xe.o(.text)
    I2C1_ER_IRQHandler                       0x0800015f   Thumb Code     0  startup_stm32f103xe.o(.text)
    I2C1_EV_IRQHandler                       0x0800015f   Thumb Code     0  startup_stm32f103xe.o(.text)
    I2C2_ER_IRQHandler                       0x0800015f   Thumb Code     0  startup_stm32f103xe.o(.text)
    I2C2_EV_IRQHandler                       0x0800015f   Thumb Code     0  startup_stm32f103xe.o(.text)
    PVD_IRQHandler                           0x0800015f   Thumb Code     0  startup_stm32f103xe.o(.text)
    RCC_IRQHandler                           0x0800015f   Thumb Code     0  startup_stm32f103xe.o(.text)
    RTC_Alarm_IRQHandler                     0x0800015f   Thumb Code     0  startup_stm32f103xe.o(.text)
    RTC_IRQHandler                           0x0800015f   Thumb Code     0  startup_stm32f103xe.o(.text)
    SDIO_IRQHandler                          0x0800015f   Thumb Code     0  startup_stm32f103xe.o(.text)
    SPI1_IRQHandler                          0x0800015f   Thumb Code     0  startup_stm32f103xe.o(.text)
    SPI2_IRQHandler                          0x0800015f   Thumb Code     0  startup_stm32f103xe.o(.text)
    SPI3_IRQHandler                          0x0800015f   Thumb Code     0  startup_stm32f103xe.o(.text)
    TAMPER_IRQHandler                        0x0800015f   Thumb Code     0  startup_stm32f103xe.o(.text)
    TIM1_BRK_IRQHandler                      0x0800015f   Thumb Code     0  startup_stm32f103xe.o(.text)
    TIM1_CC_IRQHandler                       0x0800015f   Thumb Code     0  startup_stm32f103xe.o(.text)
    TIM1_TRG_COM_IRQHandler                  0x0800015f   Thumb Code     0  startup_stm32f103xe.o(.text)
    TIM1_UP_IRQHandler                       0x0800015f   Thumb Code     0  startup_stm32f103xe.o(.text)
    TIM3_IRQHandler                          0x0800015f   Thumb Code     0  startup_stm32f103xe.o(.text)
    TIM4_IRQHandler                          0x0800015f   Thumb Code     0  startup_stm32f103xe.o(.text)
    TIM5_IRQHandler                          0x0800015f   Thumb Code     0  startup_stm32f103xe.o(.text)
    TIM6_IRQHandler                          0x0800015f   Thumb Code     0  startup_stm32f103xe.o(.text)
    TIM7_IRQHandler                          0x0800015f   Thumb Code     0  startup_stm32f103xe.o(.text)
    TIM8_BRK_IRQHandler                      0x0800015f   Thumb Code     0  startup_stm32f103xe.o(.text)
    TIM8_CC_IRQHandler                       0x0800015f   Thumb Code     0  startup_stm32f103xe.o(.text)
    TIM8_TRG_COM_IRQHandler                  0x0800015f   Thumb Code     0  startup_stm32f103xe.o(.text)
    TIM8_UP_IRQHandler                       0x0800015f   Thumb Code     0  startup_stm32f103xe.o(.text)
    UART4_IRQHandler                         0x0800015f   Thumb Code     0  startup_stm32f103xe.o(.text)
    UART5_IRQHandler                         0x0800015f   Thumb Code     0  startup_stm32f103xe.o(.text)
    USART1_IRQHandler                        0x0800015f   Thumb Code     0  startup_stm32f103xe.o(.text)
    USART2_IRQHandler                        0x0800015f   Thumb Code     0  startup_stm32f103xe.o(.text)
    USART3_IRQHandler                        0x0800015f   Thumb Code     0  startup_stm32f103xe.o(.text)
    USBWakeUp_IRQHandler                     0x0800015f   Thumb Code     0  startup_stm32f103xe.o(.text)
    USB_HP_CAN1_TX_IRQHandler                0x0800015f   Thumb Code     0  startup_stm32f103xe.o(.text)
    USB_LP_CAN1_RX0_IRQHandler               0x0800015f   Thumb Code     0  startup_stm32f103xe.o(.text)
    WWDG_IRQHandler                          0x0800015f   Thumb Code     0  startup_stm32f103xe.o(.text)
    __scatterload                            0x08000169   Thumb Code    28  init.o(.text)
    __scatterload_rt2                        0x08000169   Thumb Code     0  init.o(.text)
    BusFault_Handler                         0x0800018d   Thumb Code     2  lto-llvm-c27023.o(.text.BusFault_Handler)
    DebugMon_Handler                         0x0800018f   Thumb Code     2  lto-llvm-c27023.o(.text.DebugMon_Handler)
    HardFault_Handler                        0x080003d1   Thumb Code     2  lto-llvm-c27023.o(.text.HardFault_Handler)
    MemManage_Handler                        0x080003d3   Thumb Code     2  lto-llvm-c27023.o(.text.MemManage_Handler)
    NMI_Handler                              0x080003d5   Thumb Code     2  lto-llvm-c27023.o(.text.NMI_Handler)
    PendSV_Handler                           0x080003d7   Thumb Code     2  lto-llvm-c27023.o(.text.PendSV_Handler)
    SVC_Handler                              0x080003d9   Thumb Code     2  lto-llvm-c27023.o(.text.SVC_Handler)
    SysTick_Handler                          0x080003dd   Thumb Code    12  lto-llvm-c27023.o(.text.SysTick_Handler)
    SystemInit                               0x080003e9   Thumb Code    76  lto-llvm-c27023.o(.text.SystemInit)
    TIM2_IRQHandler                          0x08000435   Thumb Code   228  lto-llvm-c27023.o(.text.TIM2_IRQHandler)
    UsageFault_Handler                       0x08000519   Thumb Code     2  lto-llvm-c27023.o(.text.UsageFault_Handler)
    main                                     0x0800051d   Thumb Code  1028  lto-llvm-c27023.o(.text.main)
    __scatterload_copy                       0x08000921   Thumb Code    14  handlers.o(i.__scatterload_copy)
    __scatterload_null                       0x0800092f   Thumb Code     2  handlers.o(i.__scatterload_null)
    __scatterload_zeroinit                   0x08000931   Thumb Code    14  handlers.o(i.__scatterload_zeroinit)
    Region$$Table$$Base                      0x08000940   Number         0  anon$$obj.o(Region$$Table)
    Region$$Table$$Limit                     0x08000960   Number         0  anon$$obj.o(Region$$Table)
    __initial_sp                             0x20000450   Data           0  startup_stm32f103xe.o(STACK)



==============================================================================

Memory Map of the image

  Image Entry point : 0x08000131

  Load Region LR_IROM1 (Base: 0x08000000, Size: 0x00000968, Max: 0x00080000, ABSOLUTE)

    Execution Region ER_IROM1 (Exec base: 0x08000000, Load base: 0x08000000, Size: 0x00000960, Max: 0x00080000, ABSOLUTE)

    Exec Addr    Load Addr    Size         Type   Attr      Idx    E Section Name        Object

    0x08000000   0x08000000   0x00000130   Data   RO            3    RESET               startup_stm32f103xe.o
    0x08000130   0x08000130   0x00000000   Code   RO           29  * .ARM.Collect$$$$00000000  mc_w.l(entry.o)
    0x08000130   0x08000130   0x00000004   Code   RO           32    .ARM.Collect$$$$00000001  mc_w.l(entry2.o)
    0x08000134   0x08000134   0x00000004   Code   RO           35    .ARM.Collect$$$$00000004  mc_w.l(entry5.o)
    0x08000138   0x08000138   0x00000000   Code   RO           37    .ARM.Collect$$$$00000008  mc_w.l(entry7b.o)
    0x08000138   0x08000138   0x00000000   Code   RO           39    .ARM.Collect$$$$0000000A  mc_w.l(entry8b.o)
    0x08000138   0x08000138   0x00000008   Code   RO           40    .ARM.Collect$$$$0000000B  mc_w.l(entry9a.o)
    0x08000140   0x08000140   0x00000000   Code   RO           42    .ARM.Collect$$$$0000000D  mc_w.l(entry10a.o)
    0x08000140   0x08000140   0x00000000   Code   RO           44    .ARM.Collect$$$$0000000F  mc_w.l(entry11a.o)
    0x08000140   0x08000140   0x00000004   Code   RO           33    .ARM.Collect$$$$00002712  mc_w.l(entry2.o)
    0x08000144   0x08000144   0x00000024   Code   RO            4    .text               startup_stm32f103xe.o
    0x08000168   0x08000168   0x00000024   Code   RO           46    .text               mc_w.l(init.o)
    0x0800018c   0x0800018c   0x00000002   Code   RO           57    .text.BusFault_Handler  lto-llvm-c27023.o
    0x0800018e   0x0800018e   0x00000002   Code   RO           63    .text.DebugMon_Handler  lto-llvm-c27023.o
    0x08000190   0x08000190   0x000001a4   Code   RO           73    .text.HAL_GPIO_Init  lto-llvm-c27023.o
    0x08000334   0x08000334   0x0000004c   Code   RO           71    .text.HAL_InitTick  lto-llvm-c27023.o
    0x08000380   0x08000380   0x00000050   Code   RO           75    .text.HAL_NVIC_SetPriority  lto-llvm-c27023.o
    0x080003d0   0x080003d0   0x00000002   Code   RO           53    .text.HardFault_Handler  lto-llvm-c27023.o
    0x080003d2   0x080003d2   0x00000002   Code   RO           55    .text.MemManage_Handler  lto-llvm-c27023.o
    0x080003d4   0x080003d4   0x00000002   Code   RO           51    .text.NMI_Handler   lto-llvm-c27023.o
    0x080003d6   0x080003d6   0x00000002   Code   RO           65    .text.PendSV_Handler  lto-llvm-c27023.o
    0x080003d8   0x080003d8   0x00000002   Code   RO           61    .text.SVC_Handler   lto-llvm-c27023.o
    0x080003da   0x080003da   0x00000002   PAD
    0x080003dc   0x080003dc   0x0000000c   Code   RO           67    .text.SysTick_Handler  lto-llvm-c27023.o
    0x080003e8   0x080003e8   0x0000004c   Code   RO           77    .text.SystemInit    lto-llvm-c27023.o
    0x08000434   0x08000434   0x000000e4   Code   RO           69    .text.TIM2_IRQHandler  lto-llvm-c27023.o
    0x08000518   0x08000518   0x00000002   Code   RO           59    .text.UsageFault_Handler  lto-llvm-c27023.o
    0x0800051a   0x0800051a   0x00000002   PAD
    0x0800051c   0x0800051c   0x00000404   Code   RO           49    .text.main          lto-llvm-c27023.o
    0x08000920   0x08000920   0x0000000e   Code   RO           91    i.__scatterload_copy  mc_w.l(handlers.o)
    0x0800092e   0x0800092e   0x00000002   Code   RO           92    i.__scatterload_null  mc_w.l(handlers.o)
    0x08000930   0x08000930   0x0000000e   Code   RO           93    i.__scatterload_zeroinit  mc_w.l(handlers.o)
    0x0800093e   0x0800093e   0x00000002   PAD
    0x08000940   0x08000940   0x00000020   Data   RO           90    Region$$Table       anon$$obj.o


    Execution Region RW_IRAM1 (Exec base: 0x20000000, Load base: 0x08000960, Size: 0x00000450, Max: 0x00010000, ABSOLUTE)

    Exec Addr    Load Addr    Size         Type   Attr      Idx    E Section Name        Object

    0x20000000   0x08000960   0x00000008   Data   RW           80    .data..L_MergedGlobals  lto-llvm-c27023.o
    0x20000008        -       0x00000044   Zero   RW           81    .bss..L_MergedGlobals.63  lto-llvm-c27023.o
    0x2000004c   0x08000968   0x00000004   PAD
    0x20000050        -       0x00000400   Zero   RW            1    STACK               startup_stm32f103xe.o


==============================================================================

Image component sizes


      Code (inc. data)   RO Data    RW Data    ZI Data      Debug   Object Name

      1936        204          0          8         68      30121   lto-llvm-c27023.o
        36          8        304          0       1024        804   startup_stm32f103xe.o

    ----------------------------------------------------------------------
      1976        212        336          8       1096      30925   Object Totals
         0          0         32          0          0          0   (incl. Generated)
         4          0          0          0          4          0   (incl. Padding)

    ----------------------------------------------------------------------

      Code (inc. data)   RO Data    RW Data    ZI Data      Debug   Library Member Name

         0          0          0          0          0          0   entry.o
         0          0          0          0          0          0   entry10a.o
         0          0          0          0          0          0   entry11a.o
         8          4          0          0          0          0   entry2.o
         4          0          0          0          0          0   entry5.o
         0          0          0          0          0          0   entry7b.o
         0          0          0          0          0          0   entry8b.o
         8          4          0          0          0          0   entry9a.o
        30          0          0          0          0          0   handlers.o
        36          8          0          0          0         68   init.o

    ----------------------------------------------------------------------
        88         16          0          0          0         68   Library Totals
         2          0          0          0          0          0   (incl. Padding)

    ----------------------------------------------------------------------

      Code (inc. data)   RO Data    RW Data    ZI Data      Debug   Library Name

        86         16          0          0          0         68   mc_w.l

    ----------------------------------------------------------------------
        88         16          0          0          0         68   Library Totals

    ----------------------------------------------------------------------

==============================================================================


      Code (inc. data)   RO Data    RW Data    ZI Data      Debug   

      2064        228        336          8       1096      31145   Grand Totals
      2064        228        336          8       1096      31145   ELF Image Totals
      2064        228        336          8          0          0   ROM Totals

==============================================================================

    Total RO  Size (Code + RO Data)                 2400 (   2.34kB)
    Total RW  Size (RW Data + ZI Data)              1104 (   1.08kB)
    Total ROM Size (Code + RO Data + RW Data)       2408 (   2.35kB)

==============================================================================

