Component: ARM Compiler 6.14 Tool: armlink [5db06800]

==============================================================================

Section Cross References

    startup_stm32f103xe.o(RESET) refers to startup_stm32f103xe.o(STACK) for __initial_sp
    startup_stm32f103xe.o(RESET) refers to startup_stm32f103xe.o(.text) for Reset_Handler
    startup_stm32f103xe.o(RESET) refers to lto-llvm-9fccfb.o(.text.NMI_Handler) for NMI_Handler
    startup_stm32f103xe.o(RESET) refers to lto-llvm-9fccfb.o(.text.HardFault_Handler) for HardFault_Handler
    startup_stm32f103xe.o(RESET) refers to lto-llvm-9fccfb.o(.text.MemManage_Handler) for MemManage_Handler
    startup_stm32f103xe.o(RESET) refers to lto-llvm-9fccfb.o(.text.BusFault_Handler) for BusFault_Handler
    startup_stm32f103xe.o(RESET) refers to lto-llvm-9fccfb.o(.text.UsageFault_Handler) for UsageFault_Handler
    startup_stm32f103xe.o(RESET) refers to lto-llvm-9fccfb.o(.text.SVC_Handler) for SVC_Handler
    startup_stm32f103xe.o(RESET) refers to lto-llvm-9fccfb.o(.text.DebugMon_Handler) for DebugMon_Handler
    startup_stm32f103xe.o(RESET) refers to lto-llvm-9fccfb.o(.text.PendSV_Handler) for PendSV_Handler
    startup_stm32f103xe.o(RESET) refers to lto-llvm-9fccfb.o(.text.SysTick_Handler) for SysTick_Handler
    startup_stm32f103xe.o(RESET) refers to lto-llvm-9fccfb.o(.text.EXTI0_IRQHandler) for EXTI0_IRQHandler
    startup_stm32f103xe.o(RESET) refers to lto-llvm-9fccfb.o(.text.EXTI3_IRQHandler) for EXTI3_IRQHandler
    startup_stm32f103xe.o(RESET) refers to lto-llvm-9fccfb.o(.text.EXTI4_IRQHandler) for EXTI4_IRQHandler
    startup_stm32f103xe.o(.text) refers to lto-llvm-9fccfb.o(.text.SystemInit) for SystemInit
    startup_stm32f103xe.o(.text) refers to entry.o(.ARM.Collect$$$$00000000) for __main
    entry.o(.ARM.Collect$$$$00000000) refers (Special) to entry10a.o(.ARM.Collect$$$$0000000D) for __rt_final_cpp
    entry.o(.ARM.Collect$$$$00000000) refers (Special) to entry11a.o(.ARM.Collect$$$$0000000F) for __rt_final_exit
    entry.o(.ARM.Collect$$$$00000000) refers (Special) to entry7b.o(.ARM.Collect$$$$00000008) for _main_clock
    entry.o(.ARM.Collect$$$$00000000) refers (Special) to entry8b.o(.ARM.Collect$$$$0000000A) for _main_cpp_init
    entry.o(.ARM.Collect$$$$00000000) refers (Special) to entry9a.o(.ARM.Collect$$$$0000000B) for _main_init
    entry.o(.ARM.Collect$$$$00000000) refers (Special) to entry5.o(.ARM.Collect$$$$00000004) for _main_scatterload
    entry.o(.ARM.Collect$$$$00000000) refers (Special) to entry2.o(.ARM.Collect$$$$00000001) for _main_stk
    entry2.o(.ARM.Collect$$$$00000001) refers to entry2.o(.ARM.Collect$$$$00002712) for __lit__00000000
    entry2.o(.ARM.Collect$$$$00002712) refers to startup_stm32f103xe.o(STACK) for __initial_sp
    entry2.o(__vectab_stack_and_reset_area) refers to startup_stm32f103xe.o(STACK) for __initial_sp
    entry2.o(__vectab_stack_and_reset_area) refers to entry.o(.ARM.Collect$$$$00000000) for __main
    entry5.o(.ARM.Collect$$$$00000004) refers to init.o(.text) for __scatterload
    entry9a.o(.ARM.Collect$$$$0000000B) refers to lto-llvm-9fccfb.o(.text.main) for main
    entry9b.o(.ARM.Collect$$$$0000000C) refers to lto-llvm-9fccfb.o(.text.main) for main
    init.o(.text) refers to entry5.o(.ARM.Collect$$$$00000004) for __main_after_scatterload
    lto-llvm-9fccfb.o(.text.main) refers to lto-llvm-9fccfb.o(.text.HAL_InitTick) for HAL_InitTick
    lto-llvm-9fccfb.o(.text.main) refers to lto-llvm-9fccfb.o(.bss.uwTick) for [Anonymous Symbol]
    lto-llvm-9fccfb.o(.text.main) refers to lto-llvm-9fccfb.o(.data..L_MergedGlobals) for [Anonymous Symbol]
    lto-llvm-9fccfb.o(.text.main) refers to lto-llvm-9fccfb.o(.text.HAL_GPIO_Init) for HAL_GPIO_Init
    lto-llvm-9fccfb.o(.text.main) refers to lto-llvm-9fccfb.o(.text.HAL_NVIC_SetPriority) for HAL_NVIC_SetPriority
    lto-llvm-9fccfb.o(.ARM.exidx.text.main) refers to lto-llvm-9fccfb.o(.text.main) for [Anonymous Symbol]
    lto-llvm-9fccfb.o(.ARM.exidx.text.NMI_Handler) refers to lto-llvm-9fccfb.o(.text.NMI_Handler) for [Anonymous Symbol]
    lto-llvm-9fccfb.o(.ARM.exidx.text.HardFault_Handler) refers to lto-llvm-9fccfb.o(.text.HardFault_Handler) for [Anonymous Symbol]
    lto-llvm-9fccfb.o(.ARM.exidx.text.MemManage_Handler) refers to lto-llvm-9fccfb.o(.text.MemManage_Handler) for [Anonymous Symbol]
    lto-llvm-9fccfb.o(.ARM.exidx.text.BusFault_Handler) refers to lto-llvm-9fccfb.o(.text.BusFault_Handler) for [Anonymous Symbol]
    lto-llvm-9fccfb.o(.ARM.exidx.text.UsageFault_Handler) refers to lto-llvm-9fccfb.o(.text.UsageFault_Handler) for [Anonymous Symbol]
    lto-llvm-9fccfb.o(.ARM.exidx.text.SVC_Handler) refers to lto-llvm-9fccfb.o(.text.SVC_Handler) for [Anonymous Symbol]
    lto-llvm-9fccfb.o(.ARM.exidx.text.DebugMon_Handler) refers to lto-llvm-9fccfb.o(.text.DebugMon_Handler) for [Anonymous Symbol]
    lto-llvm-9fccfb.o(.ARM.exidx.text.PendSV_Handler) refers to lto-llvm-9fccfb.o(.text.PendSV_Handler) for [Anonymous Symbol]
    lto-llvm-9fccfb.o(.text.SysTick_Handler) refers to lto-llvm-9fccfb.o(.bss.uwTick) for [Anonymous Symbol]
    lto-llvm-9fccfb.o(.ARM.exidx.text.SysTick_Handler) refers to lto-llvm-9fccfb.o(.text.SysTick_Handler) for [Anonymous Symbol]
    lto-llvm-9fccfb.o(.text.EXTI0_IRQHandler) refers to lto-llvm-9fccfb.o(.text.HAL_GPIO_EXTI_IRQHandler) for HAL_GPIO_EXTI_IRQHandler
    lto-llvm-9fccfb.o(.ARM.exidx.text.EXTI0_IRQHandler) refers to lto-llvm-9fccfb.o(.text.EXTI0_IRQHandler) for [Anonymous Symbol]
    lto-llvm-9fccfb.o(.text.EXTI3_IRQHandler) refers to lto-llvm-9fccfb.o(.text.HAL_GPIO_EXTI_IRQHandler) for HAL_GPIO_EXTI_IRQHandler
    lto-llvm-9fccfb.o(.ARM.exidx.text.EXTI3_IRQHandler) refers to lto-llvm-9fccfb.o(.text.EXTI3_IRQHandler) for [Anonymous Symbol]
    lto-llvm-9fccfb.o(.text.EXTI4_IRQHandler) refers to lto-llvm-9fccfb.o(.text.HAL_GPIO_EXTI_IRQHandler) for HAL_GPIO_EXTI_IRQHandler
    lto-llvm-9fccfb.o(.ARM.exidx.text.EXTI4_IRQHandler) refers to lto-llvm-9fccfb.o(.text.EXTI4_IRQHandler) for [Anonymous Symbol]
    lto-llvm-9fccfb.o(.text.HAL_InitTick) refers to lto-llvm-9fccfb.o(.text.HAL_NVIC_SetPriority) for HAL_NVIC_SetPriority
    lto-llvm-9fccfb.o(.text.HAL_InitTick) refers to lto-llvm-9fccfb.o(.data..L_MergedGlobals) for [Anonymous Symbol]
    lto-llvm-9fccfb.o(.ARM.exidx.text.HAL_InitTick) refers to lto-llvm-9fccfb.o(.text.HAL_InitTick) for [Anonymous Symbol]
    lto-llvm-9fccfb.o(.ARM.exidx.text.HAL_GPIO_Init) refers to lto-llvm-9fccfb.o(.text.HAL_GPIO_Init) for [Anonymous Symbol]
    lto-llvm-9fccfb.o(.ARM.exidx.text.HAL_GPIO_EXTI_IRQHandler) refers to lto-llvm-9fccfb.o(.text.HAL_GPIO_EXTI_IRQHandler) for [Anonymous Symbol]
    lto-llvm-9fccfb.o(.ARM.exidx.text.HAL_NVIC_SetPriority) refers to lto-llvm-9fccfb.o(.text.HAL_NVIC_SetPriority) for [Anonymous Symbol]
    lto-llvm-9fccfb.o(.ARM.exidx.text.SystemInit) refers to lto-llvm-9fccfb.o(.text.SystemInit) for [Anonymous Symbol]


==============================================================================

Removing Unused input sections from the image.

    Removing startup_stm32f103xe.o(HEAP), (512 bytes).
    Removing lto-llvm-9fccfb.o(.text), (0 bytes).
    Removing lto-llvm-9fccfb.o(.ARM.exidx.text.main), (8 bytes).
    Removing lto-llvm-9fccfb.o(.ARM.exidx.text.NMI_Handler), (8 bytes).
    Removing lto-llvm-9fccfb.o(.ARM.exidx.text.HardFault_Handler), (8 bytes).
    Removing lto-llvm-9fccfb.o(.ARM.exidx.text.MemManage_Handler), (8 bytes).
    Removing lto-llvm-9fccfb.o(.ARM.exidx.text.BusFault_Handler), (8 bytes).
    Removing lto-llvm-9fccfb.o(.ARM.exidx.text.UsageFault_Handler), (8 bytes).
    Removing lto-llvm-9fccfb.o(.ARM.exidx.text.SVC_Handler), (8 bytes).
    Removing lto-llvm-9fccfb.o(.ARM.exidx.text.DebugMon_Handler), (8 bytes).
    Removing lto-llvm-9fccfb.o(.ARM.exidx.text.PendSV_Handler), (8 bytes).
    Removing lto-llvm-9fccfb.o(.ARM.exidx.text.SysTick_Handler), (8 bytes).
    Removing lto-llvm-9fccfb.o(.ARM.exidx.text.EXTI0_IRQHandler), (8 bytes).
    Removing lto-llvm-9fccfb.o(.ARM.exidx.text.EXTI3_IRQHandler), (8 bytes).
    Removing lto-llvm-9fccfb.o(.ARM.exidx.text.EXTI4_IRQHandler), (8 bytes).
    Removing lto-llvm-9fccfb.o(.ARM.exidx.text.HAL_InitTick), (8 bytes).
    Removing lto-llvm-9fccfb.o(.ARM.exidx.text.HAL_GPIO_Init), (8 bytes).
    Removing lto-llvm-9fccfb.o(.ARM.exidx.text.HAL_GPIO_EXTI_IRQHandler), (8 bytes).
    Removing lto-llvm-9fccfb.o(.ARM.exidx.text.HAL_NVIC_SetPriority), (8 bytes).
    Removing lto-llvm-9fccfb.o(.ARM.exidx.text.SystemInit), (8 bytes).
    Removing lto-llvm-9fccfb.o(.ARM.use_no_argv), (4 bytes).

21 unused section(s) (total 660 bytes) removed from the image.

==============================================================================

Image Symbol Table

    Local Symbols

    Symbol Name                              Value     Ov Type        Size  Object(Section)

    ../clib/microlib/init/entry.s            0x00000000   Number         0  entry.o ABSOLUTE
    ../clib/microlib/init/entry.s            0x00000000   Number         0  entry2.o ABSOLUTE
    ../clib/microlib/init/entry.s            0x00000000   Number         0  entry5.o ABSOLUTE
    ../clib/microlib/init/entry.s            0x00000000   Number         0  entry7a.o ABSOLUTE
    ../clib/microlib/init/entry.s            0x00000000   Number         0  entry7b.o ABSOLUTE
    ../clib/microlib/init/entry.s            0x00000000   Number         0  entry8a.o ABSOLUTE
    ../clib/microlib/init/entry.s            0x00000000   Number         0  entry8b.o ABSOLUTE
    ../clib/microlib/init/entry.s            0x00000000   Number         0  entry9a.o ABSOLUTE
    ../clib/microlib/init/entry.s            0x00000000   Number         0  entry9b.o ABSOLUTE
    ../clib/microlib/init/entry.s            0x00000000   Number         0  entry10a.o ABSOLUTE
    ../clib/microlib/init/entry.s            0x00000000   Number         0  entry10b.o ABSOLUTE
    ../clib/microlib/init/entry.s            0x00000000   Number         0  entry11a.o ABSOLUTE
    ../clib/microlib/init/entry.s            0x00000000   Number         0  entry11b.o ABSOLUTE
    dc.s                                     0x00000000   Number         0  dc.o ABSOLUTE
    handlers.s                               0x00000000   Number         0  handlers.o ABSOLUTE
    init.s                                   0x00000000   Number         0  init.o ABSOLUTE
    ld-temp.o                                0x00000000   Number         0  lto-llvm-9fccfb.o ABSOLUTE
    startup_stm32f103xe.s                    0x00000000   Number         0  startup_stm32f103xe.o ABSOLUTE
    RESET                                    0x08000000   Section      304  startup_stm32f103xe.o(RESET)
    .ARM.Collect$$$$00000000                 0x08000130   Section        0  entry.o(.ARM.Collect$$$$00000000)
    .ARM.Collect$$$$00000001                 0x08000130   Section        4  entry2.o(.ARM.Collect$$$$00000001)
    .ARM.Collect$$$$00000004                 0x08000134   Section        4  entry5.o(.ARM.Collect$$$$00000004)
    .ARM.Collect$$$$00000008                 0x08000138   Section        0  entry7b.o(.ARM.Collect$$$$00000008)
    .ARM.Collect$$$$0000000A                 0x08000138   Section        0  entry8b.o(.ARM.Collect$$$$0000000A)
    .ARM.Collect$$$$0000000B                 0x08000138   Section        8  entry9a.o(.ARM.Collect$$$$0000000B)
    __lit__00000000                          0x08000140   Data           4  entry2.o(.ARM.Collect$$$$00002712)
    .ARM.Collect$$$$0000000D                 0x08000140   Section        0  entry10a.o(.ARM.Collect$$$$0000000D)
    .ARM.Collect$$$$0000000F                 0x08000140   Section        0  entry11a.o(.ARM.Collect$$$$0000000F)
    .ARM.Collect$$$$00002712                 0x08000140   Section        4  entry2.o(.ARM.Collect$$$$00002712)
    .text                                    0x08000144   Section       36  startup_stm32f103xe.o(.text)
    .text                                    0x08000168   Section       36  init.o(.text)
    [Anonymous Symbol]                       0x0800018c   Section        0  lto-llvm-9fccfb.o(.text.BusFault_Handler)
    [Anonymous Symbol]                       0x0800018e   Section        0  lto-llvm-9fccfb.o(.text.DebugMon_Handler)
    [Anonymous Symbol]                       0x08000190   Section        0  lto-llvm-9fccfb.o(.text.EXTI0_IRQHandler)
    [Anonymous Symbol]                       0x08000196   Section        0  lto-llvm-9fccfb.o(.text.EXTI3_IRQHandler)
    [Anonymous Symbol]                       0x0800019c   Section        0  lto-llvm-9fccfb.o(.text.EXTI4_IRQHandler)
    HAL_GPIO_EXTI_IRQHandler                 0x080001a5   Thumb Code   148  lto-llvm-9fccfb.o(.text.HAL_GPIO_EXTI_IRQHandler)
    [Anonymous Symbol]                       0x080001a4   Section        0  lto-llvm-9fccfb.o(.text.HAL_GPIO_EXTI_IRQHandler)
    __arm_cp.15_0                            0x08000228   Number         4  lto-llvm-9fccfb.o(.text.HAL_GPIO_EXTI_IRQHandler)
    __arm_cp.15_2                            0x0800022c   Number         4  lto-llvm-9fccfb.o(.text.HAL_GPIO_EXTI_IRQHandler)
    __arm_cp.15_3                            0x08000230   Number         4  lto-llvm-9fccfb.o(.text.HAL_GPIO_EXTI_IRQHandler)
    __arm_cp.15_4                            0x08000234   Number         4  lto-llvm-9fccfb.o(.text.HAL_GPIO_EXTI_IRQHandler)
    HAL_GPIO_Init                            0x08000239   Thumb Code   420  lto-llvm-9fccfb.o(.text.HAL_GPIO_Init)
    [Anonymous Symbol]                       0x08000238   Section        0  lto-llvm-9fccfb.o(.text.HAL_GPIO_Init)
    __arm_cp.14_0                            0x080003ac   Number         4  lto-llvm-9fccfb.o(.text.HAL_GPIO_Init)
    __arm_cp.14_1                            0x080003b0   Number         4  lto-llvm-9fccfb.o(.text.HAL_GPIO_Init)
    __arm_cp.14_2                            0x080003b4   Number         4  lto-llvm-9fccfb.o(.text.HAL_GPIO_Init)
    __arm_cp.14_3                            0x080003b8   Number         4  lto-llvm-9fccfb.o(.text.HAL_GPIO_Init)
    __arm_cp.14_4                            0x080003bc   Number         4  lto-llvm-9fccfb.o(.text.HAL_GPIO_Init)
    __arm_cp.14_5                            0x080003c0   Number         4  lto-llvm-9fccfb.o(.text.HAL_GPIO_Init)
    __arm_cp.14_6                            0x080003c4   Number         4  lto-llvm-9fccfb.o(.text.HAL_GPIO_Init)
    __arm_cp.14_7                            0x080003c8   Number         4  lto-llvm-9fccfb.o(.text.HAL_GPIO_Init)
    __arm_cp.14_8                            0x080003cc   Number         4  lto-llvm-9fccfb.o(.text.HAL_GPIO_Init)
    __arm_cp.14_9                            0x080003d0   Number         4  lto-llvm-9fccfb.o(.text.HAL_GPIO_Init)
    __arm_cp.14_10                           0x080003d4   Number         4  lto-llvm-9fccfb.o(.text.HAL_GPIO_Init)
    __arm_cp.14_11                           0x080003d8   Number         4  lto-llvm-9fccfb.o(.text.HAL_GPIO_Init)
    HAL_InitTick                             0x080003dd   Thumb Code    72  lto-llvm-9fccfb.o(.text.HAL_InitTick)
    [Anonymous Symbol]                       0x080003dc   Section        0  lto-llvm-9fccfb.o(.text.HAL_InitTick)
    __arm_cp.13_1                            0x0800041c   Number         4  lto-llvm-9fccfb.o(.text.HAL_InitTick)
    __arm_cp.13_2                            0x08000420   Number         4  lto-llvm-9fccfb.o(.text.HAL_InitTick)
    HAL_NVIC_SetPriority                     0x08000425   Thumb Code    76  lto-llvm-9fccfb.o(.text.HAL_NVIC_SetPriority)
    [Anonymous Symbol]                       0x08000424   Section        0  lto-llvm-9fccfb.o(.text.HAL_NVIC_SetPriority)
    __arm_cp.16_0                            0x0800046c   Number         4  lto-llvm-9fccfb.o(.text.HAL_NVIC_SetPriority)
    [Anonymous Symbol]                       0x08000470   Section        0  lto-llvm-9fccfb.o(.text.HardFault_Handler)
    [Anonymous Symbol]                       0x08000472   Section        0  lto-llvm-9fccfb.o(.text.MemManage_Handler)
    [Anonymous Symbol]                       0x08000474   Section        0  lto-llvm-9fccfb.o(.text.NMI_Handler)
    [Anonymous Symbol]                       0x08000476   Section        0  lto-llvm-9fccfb.o(.text.PendSV_Handler)
    [Anonymous Symbol]                       0x08000478   Section        0  lto-llvm-9fccfb.o(.text.SVC_Handler)
    [Anonymous Symbol]                       0x0800047c   Section        0  lto-llvm-9fccfb.o(.text.SysTick_Handler)
    [Anonymous Symbol]                       0x08000488   Section        0  lto-llvm-9fccfb.o(.text.SystemInit)
    __arm_cp.17_0                            0x080004c4   Number         4  lto-llvm-9fccfb.o(.text.SystemInit)
    __arm_cp.17_1                            0x080004c8   Number         4  lto-llvm-9fccfb.o(.text.SystemInit)
    __arm_cp.17_2                            0x080004cc   Number         4  lto-llvm-9fccfb.o(.text.SystemInit)
    __arm_cp.17_3                            0x080004d0   Number         4  lto-llvm-9fccfb.o(.text.SystemInit)
    [Anonymous Symbol]                       0x080004d4   Section        0  lto-llvm-9fccfb.o(.text.UsageFault_Handler)
    [Anonymous Symbol]                       0x080004d8   Section        0  lto-llvm-9fccfb.o(.text.main)
    __arm_cp.0_0                             0x08000774   Number         4  lto-llvm-9fccfb.o(.text.main)
    __arm_cp.0_1                             0x08000778   Number         4  lto-llvm-9fccfb.o(.text.main)
    __arm_cp.0_2                             0x0800077c   Number         4  lto-llvm-9fccfb.o(.text.main)
    __arm_cp.0_3                             0x08000780   Number         4  lto-llvm-9fccfb.o(.text.main)
    __arm_cp.0_4                             0x08000784   Number         4  lto-llvm-9fccfb.o(.text.main)
    __arm_cp.0_5                             0x08000788   Number         4  lto-llvm-9fccfb.o(.text.main)
    __arm_cp.0_6                             0x0800078c   Number         4  lto-llvm-9fccfb.o(.text.main)
    __arm_cp.0_7                             0x08000790   Number         4  lto-llvm-9fccfb.o(.text.main)
    __arm_cp.0_10                            0x080007a8   Number         4  lto-llvm-9fccfb.o(.text.main)
    AHBPrescTable                            0x080007ac   Number         0  lto-llvm-9fccfb.o(.text.main)
    __arm_cp.0_12                            0x080007bc   Number         4  lto-llvm-9fccfb.o(.text.main)
    __arm_cp.0_13                            0x080007c0   Number         4  lto-llvm-9fccfb.o(.text.main)
    __arm_cp.0_14                            0x080007c4   Number         4  lto-llvm-9fccfb.o(.text.main)
    __arm_cp.0_15                            0x080007c8   Number         4  lto-llvm-9fccfb.o(.text.main)
    __arm_cp.0_16                            0x080007cc   Number         4  lto-llvm-9fccfb.o(.text.main)
    __arm_cp.0_17                            0x080007d0   Number         4  lto-llvm-9fccfb.o(.text.main)
    __arm_cp.0_18                            0x080007d4   Number         4  lto-llvm-9fccfb.o(.text.main)
    i.__scatterload_copy                     0x080007d8   Section       14  handlers.o(i.__scatterload_copy)
    i.__scatterload_null                     0x080007e6   Section        2  handlers.o(i.__scatterload_null)
    i.__scatterload_zeroinit                 0x080007e8   Section       14  handlers.o(i.__scatterload_zeroinit)
    uwTickPrio                               0x20000000   Data           4  lto-llvm-9fccfb.o(.data..L_MergedGlobals)
    [Anonymous Symbol]                       0x20000000   Section        0  lto-llvm-9fccfb.o(.data..L_MergedGlobals)
    SystemCoreClock                          0x20000004   Data           4  lto-llvm-9fccfb.o(.data..L_MergedGlobals)
    uwTick                                   0x20000008   Data           4  lto-llvm-9fccfb.o(.bss.uwTick)
    [Anonymous Symbol]                       0x20000008   Section        0  lto-llvm-9fccfb.o(.bss.uwTick)
    STACK                                    0x20000010   Section     1024  startup_stm32f103xe.o(STACK)

    Global Symbols

    Symbol Name                              Value     Ov Type        Size  Object(Section)

    BuildAttributes$$THM_ISAv4$P$D$K$B$S$PE$A:L22UL41UL21$X:L11$S22US41US21$IEEE1$IW$~IW$USESV6$~STKCKD$USESV7$~SHL$OSPACE$IEEEF$EBA8$MICROLIB$REQ8$PRES8$EABIv2 0x00000000   Number         0  anon$$obj.o ABSOLUTE
    __cpp_initialize__aeabi_                  - Undefined Weak Reference
    __cxa_finalize                            - Undefined Weak Reference
    __decompress                              - Undefined Weak Reference
    _clock_init                               - Undefined Weak Reference
    _microlib_exit                            - Undefined Weak Reference
    __Vectors_Size                           0x00000130   Number         0  startup_stm32f103xe.o ABSOLUTE
    __Vectors                                0x08000000   Data           4  startup_stm32f103xe.o(RESET)
    __Vectors_End                            0x08000130   Data           0  startup_stm32f103xe.o(RESET)
    __main                                   0x08000131   Thumb Code     0  entry.o(.ARM.Collect$$$$00000000)
    _main_stk                                0x08000131   Thumb Code     0  entry2.o(.ARM.Collect$$$$00000001)
    _main_scatterload                        0x08000135   Thumb Code     0  entry5.o(.ARM.Collect$$$$00000004)
    __main_after_scatterload                 0x08000139   Thumb Code     0  entry5.o(.ARM.Collect$$$$00000004)
    _main_clock                              0x08000139   Thumb Code     0  entry7b.o(.ARM.Collect$$$$00000008)
    _main_cpp_init                           0x08000139   Thumb Code     0  entry8b.o(.ARM.Collect$$$$0000000A)
    _main_init                               0x08000139   Thumb Code     0  entry9a.o(.ARM.Collect$$$$0000000B)
    __rt_final_cpp                           0x08000141   Thumb Code     0  entry10a.o(.ARM.Collect$$$$0000000D)
    __rt_final_exit                          0x08000141   Thumb Code     0  entry11a.o(.ARM.Collect$$$$0000000F)
    Reset_Handler                            0x08000145   Thumb Code     8  startup_stm32f103xe.o(.text)
    ADC1_2_IRQHandler                        0x0800015f   Thumb Code     0  startup_stm32f103xe.o(.text)
    ADC3_IRQHandler                          0x0800015f   Thumb Code     0  startup_stm32f103xe.o(.text)
    CAN1_RX1_IRQHandler                      0x0800015f   Thumb Code     0  startup_stm32f103xe.o(.text)
    CAN1_SCE_IRQHandler                      0x0800015f   Thumb Code     0  startup_stm32f103xe.o(.text)
    DMA1_Channel1_IRQHandler                 0x0800015f   Thumb Code     0  startup_stm32f103xe.o(.text)
    DMA1_Channel2_IRQHandler                 0x0800015f   Thumb Code     0  startup_stm32f103xe.o(.text)
    DMA1_Channel3_IRQHandler                 0x0800015f   Thumb Code     0  startup_stm32f103xe.o(.text)
    DMA1_Channel4_IRQHandler                 0x0800015f   Thumb Code     0  startup_stm32f103xe.o(.text)
    DMA1_Channel5_IRQHandler                 0x0800015f   Thumb Code     0  startup_stm32f103xe.o(.text)
    DMA1_Channel6_IRQHandler                 0x0800015f   Thumb Code     0  startup_stm32f103xe.o(.text)
    DMA1_Channel7_IRQHandler                 0x0800015f   Thumb Code     0  startup_stm32f103xe.o(.text)
    DMA2_Channel1_IRQHandler                 0x0800015f   Thumb Code     0  startup_stm32f103xe.o(.text)
    DMA2_Channel2_IRQHandler                 0x0800015f   Thumb Code     0  startup_stm32f103xe.o(.text)
    DMA2_Channel3_IRQHandler                 0x0800015f   Thumb Code     0  startup_stm32f103xe.o(.text)
    DMA2_Channel4_5_IRQHandler               0x0800015f   Thumb Code     0  startup_stm32f103xe.o(.text)
    EXTI15_10_IRQHandler                     0x0800015f   Thumb Code     0  startup_stm32f103xe.o(.text)
    EXTI1_IRQHandler                         0x0800015f   Thumb Code     0  startup_stm32f103xe.o(.text)
    EXTI2_IRQHandler                         0x0800015f   Thumb Code     0  startup_stm32f103xe.o(.text)
    EXTI9_5_IRQHandler                       0x0800015f   Thumb Code     0  startup_stm32f103xe.o(.text)
    FLASH_IRQHandler                         0x0800015f   Thumb Code     0  startup_stm32f103xe.o(.text)
    FSMC_IRQHandler                          0x0800015f   Thumb Code     0  startup_stm32f103xe.o(.text)
    I2C1_ER_IRQHandler                       0x0800015f   Thumb Code     0  startup_stm32f103xe.o(.text)
    I2C1_EV_IRQHandler                       0x0800015f   Thumb Code     0  startup_stm32f103xe.o(.text)
    I2C2_ER_IRQHandler                       0x0800015f   Thumb Code     0  startup_stm32f103xe.o(.text)
    I2C2_EV_IRQHandler                       0x0800015f   Thumb Code     0  startup_stm32f103xe.o(.text)
    PVD_IRQHandler                           0x0800015f   Thumb Code     0  startup_stm32f103xe.o(.text)
    RCC_IRQHandler                           0x0800015f   Thumb Code     0  startup_stm32f103xe.o(.text)
    RTC_Alarm_IRQHandler                     0x0800015f   Thumb Code     0  startup_stm32f103xe.o(.text)
    RTC_IRQHandler                           0x0800015f   Thumb Code     0  startup_stm32f103xe.o(.text)
    SDIO_IRQHandler                          0x0800015f   Thumb Code     0  startup_stm32f103xe.o(.text)
    SPI1_IRQHandler                          0x0800015f   Thumb Code     0  startup_stm32f103xe.o(.text)
    SPI2_IRQHandler                          0x0800015f   Thumb Code     0  startup_stm32f103xe.o(.text)
    SPI3_IRQHandler                          0x0800015f   Thumb Code     0  startup_stm32f103xe.o(.text)
    TAMPER_IRQHandler                        0x0800015f   Thumb Code     0  startup_stm32f103xe.o(.text)
    TIM1_BRK_IRQHandler                      0x0800015f   Thumb Code     0  startup_stm32f103xe.o(.text)
    TIM1_CC_IRQHandler                       0x0800015f   Thumb Code     0  startup_stm32f103xe.o(.text)
    TIM1_TRG_COM_IRQHandler                  0x0800015f   Thumb Code     0  startup_stm32f103xe.o(.text)
    TIM1_UP_IRQHandler                       0x0800015f   Thumb Code     0  startup_stm32f103xe.o(.text)
    TIM2_IRQHandler                          0x0800015f   Thumb Code     0  startup_stm32f103xe.o(.text)
    TIM3_IRQHandler                          0x0800015f   Thumb Code     0  startup_stm32f103xe.o(.text)
    TIM4_IRQHandler                          0x0800015f   Thumb Code     0  startup_stm32f103xe.o(.text)
    TIM5_IRQHandler                          0x0800015f   Thumb Code     0  startup_stm32f103xe.o(.text)
    TIM6_IRQHandler                          0x0800015f   Thumb Code     0  startup_stm32f103xe.o(.text)
    TIM7_IRQHandler                          0x0800015f   Thumb Code     0  startup_stm32f103xe.o(.text)
    TIM8_BRK_IRQHandler                      0x0800015f   Thumb Code     0  startup_stm32f103xe.o(.text)
    TIM8_CC_IRQHandler                       0x0800015f   Thumb Code     0  startup_stm32f103xe.o(.text)
    TIM8_TRG_COM_IRQHandler                  0x0800015f   Thumb Code     0  startup_stm32f103xe.o(.text)
    TIM8_UP_IRQHandler                       0x0800015f   Thumb Code     0  startup_stm32f103xe.o(.text)
    UART4_IRQHandler                         0x0800015f   Thumb Code     0  startup_stm32f103xe.o(.text)
    UART5_IRQHandler                         0x0800015f   Thumb Code     0  startup_stm32f103xe.o(.text)
    USART1_IRQHandler                        0x0800015f   Thumb Code     0  startup_stm32f103xe.o(.text)
    USART2_IRQHandler                        0x0800015f   Thumb Code     0  startup_stm32f103xe.o(.text)
    USART3_IRQHandler                        0x0800015f   Thumb Code     0  startup_stm32f103xe.o(.text)
    USBWakeUp_IRQHandler                     0x0800015f   Thumb Code     0  startup_stm32f103xe.o(.text)
    USB_HP_CAN1_TX_IRQHandler                0x0800015f   Thumb Code     0  startup_stm32f103xe.o(.text)
    USB_LP_CAN1_RX0_IRQHandler               0x0800015f   Thumb Code     0  startup_stm32f103xe.o(.text)
    WWDG_IRQHandler                          0x0800015f   Thumb Code     0  startup_stm32f103xe.o(.text)
    __scatterload                            0x08000169   Thumb Code    28  init.o(.text)
    __scatterload_rt2                        0x08000169   Thumb Code     0  init.o(.text)
    BusFault_Handler                         0x0800018d   Thumb Code     2  lto-llvm-9fccfb.o(.text.BusFault_Handler)
    DebugMon_Handler                         0x0800018f   Thumb Code     2  lto-llvm-9fccfb.o(.text.DebugMon_Handler)
    EXTI0_IRQHandler                         0x08000191   Thumb Code     6  lto-llvm-9fccfb.o(.text.EXTI0_IRQHandler)
    EXTI3_IRQHandler                         0x08000197   Thumb Code     6  lto-llvm-9fccfb.o(.text.EXTI3_IRQHandler)
    EXTI4_IRQHandler                         0x0800019d   Thumb Code     6  lto-llvm-9fccfb.o(.text.EXTI4_IRQHandler)
    HardFault_Handler                        0x08000471   Thumb Code     2  lto-llvm-9fccfb.o(.text.HardFault_Handler)
    MemManage_Handler                        0x08000473   Thumb Code     2  lto-llvm-9fccfb.o(.text.MemManage_Handler)
    NMI_Handler                              0x08000475   Thumb Code     2  lto-llvm-9fccfb.o(.text.NMI_Handler)
    PendSV_Handler                           0x08000477   Thumb Code     2  lto-llvm-9fccfb.o(.text.PendSV_Handler)
    SVC_Handler                              0x08000479   Thumb Code     2  lto-llvm-9fccfb.o(.text.SVC_Handler)
    SysTick_Handler                          0x0800047d   Thumb Code    12  lto-llvm-9fccfb.o(.text.SysTick_Handler)
    SystemInit                               0x08000489   Thumb Code    76  lto-llvm-9fccfb.o(.text.SystemInit)
    UsageFault_Handler                       0x080004d5   Thumb Code     2  lto-llvm-9fccfb.o(.text.UsageFault_Handler)
    main                                     0x080004d9   Thumb Code   768  lto-llvm-9fccfb.o(.text.main)
    __scatterload_copy                       0x080007d9   Thumb Code    14  handlers.o(i.__scatterload_copy)
    __scatterload_null                       0x080007e7   Thumb Code     2  handlers.o(i.__scatterload_null)
    __scatterload_zeroinit                   0x080007e9   Thumb Code    14  handlers.o(i.__scatterload_zeroinit)
    Region$$Table$$Base                      0x080007f8   Number         0  anon$$obj.o(Region$$Table)
    Region$$Table$$Limit                     0x08000818   Number         0  anon$$obj.o(Region$$Table)
    __initial_sp                             0x20000410   Data           0  startup_stm32f103xe.o(STACK)



==============================================================================

Memory Map of the image

  Image Entry point : 0x08000131

  Load Region LR_IROM1 (Base: 0x08000000, Size: 0x00000820, Max: 0x00080000, ABSOLUTE)

    Execution Region ER_IROM1 (Exec base: 0x08000000, Load base: 0x08000000, Size: 0x00000818, Max: 0x00080000, ABSOLUTE)

    Exec Addr    Load Addr    Size         Type   Attr      Idx    E Section Name        Object

    0x08000000   0x08000000   0x00000130   Data   RO            3    RESET               startup_stm32f103xe.o
    0x08000130   0x08000130   0x00000000   Code   RO           28  * .ARM.Collect$$$$00000000  mc_w.l(entry.o)
    0x08000130   0x08000130   0x00000004   Code   RO           31    .ARM.Collect$$$$00000001  mc_w.l(entry2.o)
    0x08000134   0x08000134   0x00000004   Code   RO           34    .ARM.Collect$$$$00000004  mc_w.l(entry5.o)
    0x08000138   0x08000138   0x00000000   Code   RO           36    .ARM.Collect$$$$00000008  mc_w.l(entry7b.o)
    0x08000138   0x08000138   0x00000000   Code   RO           38    .ARM.Collect$$$$0000000A  mc_w.l(entry8b.o)
    0x08000138   0x08000138   0x00000008   Code   RO           39    .ARM.Collect$$$$0000000B  mc_w.l(entry9a.o)
    0x08000140   0x08000140   0x00000000   Code   RO           41    .ARM.Collect$$$$0000000D  mc_w.l(entry10a.o)
    0x08000140   0x08000140   0x00000000   Code   RO           43    .ARM.Collect$$$$0000000F  mc_w.l(entry11a.o)
    0x08000140   0x08000140   0x00000004   Code   RO           32    .ARM.Collect$$$$00002712  mc_w.l(entry2.o)
    0x08000144   0x08000144   0x00000024   Code   RO            4    .text               startup_stm32f103xe.o
    0x08000168   0x08000168   0x00000024   Code   RO           45    .text               mc_w.l(init.o)
    0x0800018c   0x0800018c   0x00000002   Code   RO           56    .text.BusFault_Handler  lto-llvm-9fccfb.o
    0x0800018e   0x0800018e   0x00000002   Code   RO           62    .text.DebugMon_Handler  lto-llvm-9fccfb.o
    0x08000190   0x08000190   0x00000006   Code   RO           68    .text.EXTI0_IRQHandler  lto-llvm-9fccfb.o
    0x08000196   0x08000196   0x00000006   Code   RO           70    .text.EXTI3_IRQHandler  lto-llvm-9fccfb.o
    0x0800019c   0x0800019c   0x00000006   Code   RO           72    .text.EXTI4_IRQHandler  lto-llvm-9fccfb.o
    0x080001a2   0x080001a2   0x00000002   PAD
    0x080001a4   0x080001a4   0x00000094   Code   RO           78    .text.HAL_GPIO_EXTI_IRQHandler  lto-llvm-9fccfb.o
    0x08000238   0x08000238   0x000001a4   Code   RO           76    .text.HAL_GPIO_Init  lto-llvm-9fccfb.o
    0x080003dc   0x080003dc   0x00000048   Code   RO           74    .text.HAL_InitTick  lto-llvm-9fccfb.o
    0x08000424   0x08000424   0x0000004c   Code   RO           80    .text.HAL_NVIC_SetPriority  lto-llvm-9fccfb.o
    0x08000470   0x08000470   0x00000002   Code   RO           52    .text.HardFault_Handler  lto-llvm-9fccfb.o
    0x08000472   0x08000472   0x00000002   Code   RO           54    .text.MemManage_Handler  lto-llvm-9fccfb.o
    0x08000474   0x08000474   0x00000002   Code   RO           50    .text.NMI_Handler   lto-llvm-9fccfb.o
    0x08000476   0x08000476   0x00000002   Code   RO           64    .text.PendSV_Handler  lto-llvm-9fccfb.o
    0x08000478   0x08000478   0x00000002   Code   RO           60    .text.SVC_Handler   lto-llvm-9fccfb.o
    0x0800047a   0x0800047a   0x00000002   PAD
    0x0800047c   0x0800047c   0x0000000c   Code   RO           66    .text.SysTick_Handler  lto-llvm-9fccfb.o
    0x08000488   0x08000488   0x0000004c   Code   RO           82    .text.SystemInit    lto-llvm-9fccfb.o
    0x080004d4   0x080004d4   0x00000002   Code   RO           58    .text.UsageFault_Handler  lto-llvm-9fccfb.o
    0x080004d6   0x080004d6   0x00000002   PAD
    0x080004d8   0x080004d8   0x00000300   Code   RO           48    .text.main          lto-llvm-9fccfb.o
    0x080007d8   0x080007d8   0x0000000e   Code   RO           96    i.__scatterload_copy  mc_w.l(handlers.o)
    0x080007e6   0x080007e6   0x00000002   Code   RO           97    i.__scatterload_null  mc_w.l(handlers.o)
    0x080007e8   0x080007e8   0x0000000e   Code   RO           98    i.__scatterload_zeroinit  mc_w.l(handlers.o)
    0x080007f6   0x080007f6   0x00000002   PAD
    0x080007f8   0x080007f8   0x00000020   Data   RO           95    Region$$Table       anon$$obj.o


    Execution Region RW_IRAM1 (Exec base: 0x20000000, Load base: 0x08000818, Size: 0x00000410, Max: 0x00010000, ABSOLUTE)

    Exec Addr    Load Addr    Size         Type   Attr      Idx    E Section Name        Object

    0x20000000   0x08000818   0x00000008   Data   RW           86    .data..L_MergedGlobals  lto-llvm-9fccfb.o
    0x20000008        -       0x00000004   Zero   RW           85    .bss.uwTick         lto-llvm-9fccfb.o
    0x2000000c   0x08000820   0x00000004   PAD
    0x20000010        -       0x00000400   Zero   RW            1    STACK               startup_stm32f103xe.o


==============================================================================

Image component sizes


      Code (inc. data)   RO Data    RW Data    ZI Data      Debug   Object Name

      1606        196          0          8          4      23634   lto-llvm-9fccfb.o
        36          8        304          0       1024        808   startup_stm32f103xe.o

    ----------------------------------------------------------------------
      1648        204        336          8       1032      24442   Object Totals
         0          0         32          0          0          0   (incl. Generated)
         6          0          0          0          4          0   (incl. Padding)

    ----------------------------------------------------------------------

      Code (inc. data)   RO Data    RW Data    ZI Data      Debug   Library Member Name

         0          0          0          0          0          0   entry.o
         0          0          0          0          0          0   entry10a.o
         0          0          0          0          0          0   entry11a.o
         8          4          0          0          0          0   entry2.o
         4          0          0          0          0          0   entry5.o
         0          0          0          0          0          0   entry7b.o
         0          0          0          0          0          0   entry8b.o
         8          4          0          0          0          0   entry9a.o
        30          0          0          0          0          0   handlers.o
        36          8          0          0          0         68   init.o

    ----------------------------------------------------------------------
        88         16          0          0          0         68   Library Totals
         2          0          0          0          0          0   (incl. Padding)

    ----------------------------------------------------------------------

      Code (inc. data)   RO Data    RW Data    ZI Data      Debug   Library Name

        86         16          0          0          0         68   mc_w.l

    ----------------------------------------------------------------------
        88         16          0          0          0         68   Library Totals

    ----------------------------------------------------------------------

==============================================================================


      Code (inc. data)   RO Data    RW Data    ZI Data      Debug   

      1736        220        336          8       1032      24662   Grand Totals
      1736        220        336          8       1032      24662   ELF Image Totals
      1736        220        336          8          0          0   ROM Totals

==============================================================================

    Total RO  Size (Code + RO Data)                 2072 (   2.02kB)
    Total RW  Size (RW Data + ZI Data)              1040 (   1.02kB)
    Total ROM Size (Code + RO Data + RW Data)       2080 (   2.03kB)

==============================================================================

